Component: ARM Compiler 5.05 update 1 (build 106) Tool: armlink [4d0efa]

==============================================================================

Section Cross References

    system_stm32f4xx.o(i.SystemCoreClockUpdate) refers to system_stm32f4xx.o(.data) for .data
    system_stm32f4xx.o(i.SystemCoreClockUpdate) refers to system_stm32f4xx.o(.constdata) for .constdata
    can.o(i.HAL_CAN_MspDeInit) refers to stm32f4xx_hal_gpio.o(i.HAL_GPIO_DeInit) for HAL_GPIO_DeInit
    can.o(i.HAL_CAN_MspDeInit) refers to can.o(.data) for .data
    can.o(i.HAL_CAN_MspInit) refers to stm32f4xx_hal_gpio.o(i.HAL_GPIO_Init) for HAL_GPIO_Init
    can.o(i.HAL_CAN_MspInit) refers to can.o(.data) for .data
    can.o(i.MX_CAN1_Init) refers to stm32f4xx_hal_can.o(i.HAL_CAN_Init) for HAL_CAN_Init
    can.o(i.MX_CAN1_Init) refers to main.o(i.Error_Handler) for Error_Handler
    can.o(i.MX_CAN1_Init) refers to can.o(.bss) for .bss
    can.o(i.MX_CAN2_Init) refers to stm32f4xx_hal_can.o(i.HAL_CAN_Init) for HAL_CAN_Init
    can.o(i.MX_CAN2_Init) refers to main.o(i.Error_Handler) for Error_Handler
    can.o(i.MX_CAN2_Init) refers to can.o(.bss) for .bss
    usart.o(i.HAL_UART_MspDeInit) refers to stm32f4xx_hal_gpio.o(i.HAL_GPIO_DeInit) for HAL_GPIO_DeInit
    usart.o(i.HAL_UART_MspDeInit) refers to stm32f4xx_hal_cortex.o(i.HAL_NVIC_DisableIRQ) for HAL_NVIC_DisableIRQ
    usart.o(i.HAL_UART_MspInit) refers to stm32f4xx_hal_gpio.o(i.HAL_GPIO_Init) for HAL_GPIO_Init
    usart.o(i.HAL_UART_MspInit) refers to stm32f4xx_hal_cortex.o(i.HAL_NVIC_SetPriority) for HAL_NVIC_SetPriority
    usart.o(i.HAL_UART_MspInit) refers to stm32f4xx_hal_cortex.o(i.HAL_NVIC_EnableIRQ) for HAL_NVIC_EnableIRQ
    usart.o(i.MX_UART4_Init) refers to stm32f4xx_hal_uart.o(i.HAL_MultiProcessor_Init) for HAL_MultiProcessor_Init
    usart.o(i.MX_UART4_Init) refers to main.o(i.Error_Handler) for Error_Handler
    usart.o(i.MX_UART4_Init) refers to usart.o(.bss) for .bss
    usart.o(i.MX_USART1_UART_Init) refers to stm32f4xx_hal_uart.o(i.HAL_MultiProcessor_Init) for HAL_MultiProcessor_Init
    usart.o(i.MX_USART1_UART_Init) refers to main.o(i.Error_Handler) for Error_Handler
    usart.o(i.MX_USART1_UART_Init) refers to usart.o(.bss) for .bss
    usart.o(i.MX_USART2_UART_Init) refers to stm32f4xx_hal_uart.o(i.HAL_MultiProcessor_Init) for HAL_MultiProcessor_Init
    usart.o(i.MX_USART2_UART_Init) refers to main.o(i.Error_Handler) for Error_Handler
    usart.o(i.MX_USART2_UART_Init) refers to usart.o(.bss) for .bss
    usart.o(i.MX_USART3_UART_Init) refers to stm32f4xx_hal_uart.o(i.HAL_MultiProcessor_Init) for HAL_MultiProcessor_Init
    usart.o(i.MX_USART3_UART_Init) refers to main.o(i.Error_Handler) for Error_Handler
    usart.o(i.MX_USART3_UART_Init) refers to usart.o(.bss) for .bss
    usart.o(i.MX_USART6_UART_Init) refers to stm32f4xx_hal_uart.o(i.HAL_MultiProcessor_Init) for HAL_MultiProcessor_Init
    usart.o(i.MX_USART6_UART_Init) refers to main.o(i.Error_Handler) for Error_Handler
    usart.o(i.MX_USART6_UART_Init) refers to usart.o(.bss) for .bss
    tim.o(i.HAL_TIM_Base_MspDeInit) refers to stm32f4xx_hal_cortex.o(i.HAL_NVIC_DisableIRQ) for HAL_NVIC_DisableIRQ
    tim.o(i.HAL_TIM_Base_MspInit) refers to stm32f4xx_hal_cortex.o(i.HAL_NVIC_SetPriority) for HAL_NVIC_SetPriority
    tim.o(i.HAL_TIM_Base_MspInit) refers to stm32f4xx_hal_cortex.o(i.HAL_NVIC_EnableIRQ) for HAL_NVIC_EnableIRQ
    tim.o(i.HAL_TIM_MspPostInit) refers to stm32f4xx_hal_gpio.o(i.HAL_GPIO_Init) for HAL_GPIO_Init
    tim.o(i.MX_TIM13_Init) refers to stm32f4xx_hal_tim.o(i.HAL_TIM_Base_Init) for HAL_TIM_Base_Init
    tim.o(i.MX_TIM13_Init) refers to main.o(i.Error_Handler) for Error_Handler
    tim.o(i.MX_TIM13_Init) refers to stm32f4xx_hal_tim.o(i.HAL_TIM_PWM_Init) for HAL_TIM_PWM_Init
    tim.o(i.MX_TIM13_Init) refers to stm32f4xx_hal_tim.o(i.HAL_TIM_PWM_ConfigChannel) for HAL_TIM_PWM_ConfigChannel
    tim.o(i.MX_TIM13_Init) refers to tim.o(i.HAL_TIM_MspPostInit) for HAL_TIM_MspPostInit
    tim.o(i.MX_TIM13_Init) refers to tim.o(.bss) for .bss
    tim.o(i.MX_TIM14_Init) refers to stm32f4xx_hal_tim.o(i.HAL_TIM_Base_Init) for HAL_TIM_Base_Init
    tim.o(i.MX_TIM14_Init) refers to main.o(i.Error_Handler) for Error_Handler
    tim.o(i.MX_TIM14_Init) refers to stm32f4xx_hal_tim.o(i.HAL_TIM_PWM_Init) for HAL_TIM_PWM_Init
    tim.o(i.MX_TIM14_Init) refers to stm32f4xx_hal_tim.o(i.HAL_TIM_PWM_ConfigChannel) for HAL_TIM_PWM_ConfigChannel
    tim.o(i.MX_TIM14_Init) refers to tim.o(i.HAL_TIM_MspPostInit) for HAL_TIM_MspPostInit
    tim.o(i.MX_TIM14_Init) refers to tim.o(.bss) for .bss
    tim.o(i.MX_TIM6_Init) refers to stm32f4xx_hal_tim.o(i.HAL_TIM_Base_Init) for HAL_TIM_Base_Init
    tim.o(i.MX_TIM6_Init) refers to main.o(i.Error_Handler) for Error_Handler
    tim.o(i.MX_TIM6_Init) refers to stm32f4xx_hal_tim_ex.o(i.HAL_TIMEx_MasterConfigSynchronization) for HAL_TIMEx_MasterConfigSynchronization
    tim.o(i.MX_TIM6_Init) refers to tim.o(.bss) for .bss
[...]
    ..\Drivers\STM32F4xx_HAL_Driver\Src\stm32f4xx_hal_pwr.c 0x00000000   Number         0  stm32f4xx_hal_pwr.o ABSOLUTE
    ..\Drivers\STM32F4xx_HAL_Driver\Src\stm32f4xx_hal_pwr_ex.c 0x00000000   Number         0  stm32f4xx_hal_pwr_ex.o ABSOLUTE
    ..\Drivers\STM32F4xx_HAL_Driver\Src\stm32f4xx_hal_rcc.c 0x00000000   Number         0  stm32f4xx_hal_rcc.o ABSOLUTE
    ..\Drivers\STM32F4xx_HAL_Driver\Src\stm32f4xx_hal_rcc_ex.c 0x00000000   Number         0  stm32f4xx_hal_rcc_ex.o ABSOLUTE
    ..\Drivers\STM32F4xx_HAL_Driver\Src\stm32f4xx_hal_sd.c 0x00000000   Number         0  stm32f4xx_hal_sd.o ABSOLUTE
    ..\Drivers\STM32F4xx_HAL_Driver\Src\stm32f4xx_hal_spi.c 0x00000000   Number         0  stm32f4xx_hal_spi.o ABSOLUTE
    ..\Drivers\STM32F4xx_HAL_Driver\Src\stm32f4xx_hal_tim.c 0x00000000   Number         0  stm32f4xx_hal_tim.o ABSOLUTE
    ..\Drivers\STM32F4xx_HAL_Driver\Src\stm32f4xx_hal_tim_ex.c 0x00000000   Number         0  stm32f4xx_hal_tim_ex.o ABSOLUTE
    ..\Drivers\STM32F4xx_HAL_Driver\Src\stm32f4xx_hal_uart.c 0x00000000   Number         0  stm32f4xx_hal_uart.o ABSOLUTE
    ..\Drivers\STM32F4xx_HAL_Driver\Src\stm32f4xx_ll_sdmmc.c 0x00000000   Number         0  stm32f4xx_ll_sdmmc.o ABSOLUTE
    ..\Src\adc.c                             0x00000000   Number         0  adc.o ABSOLUTE
    ..\Src\can.c                             0x00000000   Number         0  can.o ABSOLUTE
    ..\Src\gpio.c                            0x00000000   Number         0  gpio.o ABSOLUTE
    ..\Src\i2c.c                             0x00000000   Number         0  i2c.o ABSOLUTE
    ..\Src\main.c                            0x00000000   Number         0  main.o ABSOLUTE
    ..\Src\sdio.c                            0x00000000   Number         0  sdio.o ABSOLUTE
    ..\Src\spi.c                             0x00000000   Number         0  spi.o ABSOLUTE
    ..\Src\stm32f4xx_hal_msp.c               0x00000000   Number         0  stm32f4xx_hal_msp.o ABSOLUTE
    ..\Src\stm32f4xx_it.c                    0x00000000   Number         0  stm32f4xx_it.o ABSOLUTE
    ..\Src\system_stm32f4xx.c                0x00000000   Number         0  system_stm32f4xx.o ABSOLUTE
    ..\Src\tim.c                             0x00000000   Number         0  tim.o ABSOLUTE
    ..\Src\usart.c                           0x00000000   Number         0  usart.o ABSOLUTE
    ..\Src\usb_otg.c                         0x00000000   Number         0  usb_otg.o ABSOLUTE
    ..\User\MainFunction\car.c               0x00000000   Number         0  car.o ABSOLUTE
    ..\User\Odometry\odometry.c              0x00000000   Number         0  odometry.o ABSOLUTE
    ..\User\PID\PID.C                        0x00000000   Number         0  pid.o ABSOLUTE
    ..\User\contact\contact.c                0x00000000   Number         0  contact.o ABSOLUTE
    ..\User\encoder\encoder.c                0x00000000   Number         0  encoder.o ABSOLUTE
    ..\\User\\MainFunction\\car.c            0x00000000   Number         0  car.o ABSOLUTE
    ..\\User\\Odometry\\odometry.c           0x00000000   Number         0  odometry.o ABSOLUTE
    ..\\User\\contact\\contact.c             0x00000000   Number         0  contact.o ABSOLUTE
    ..\\User\\encoder\\encoder.c             0x00000000   Number         0  encoder.o ABSOLUTE
    dc.s                                     0x00000000   Number         0  dc.o ABSOLUTE
    handlers.s                               0x00000000   Number         0  handlers.o ABSOLUTE
    init.s                                   0x00000000   Number         0  init.o ABSOLUTE
    startup_stm32f407xx.s                    0x00000000   Number         0  startup_stm32f407xx.o ABSOLUTE
    RESET                                    0x08000000   Section      392  startup_stm32f407xx.o(RESET)
    .ARM.Collect$$$$00000000                 0x08000188   Section        0  entry.o(.ARM.Collect$$$$00000000)
    .ARM.Collect$$$$00000001                 0x08000188   Section        4  entry2.o(.ARM.Collect$$$$00000001)
    .ARM.Collect$$$$00000004                 0x0800018c   Section        4  entry5.o(.ARM.Collect$$$$00000004)
    .ARM.Collect$$$$00000008                 0x08000190   Section        0  entry7b.o(.ARM.Collect$$$$00000008)
    .ARM.Collect$$$$0000000A                 0x08000190   Section        0  entry8b.o(.ARM.Collect$$$$0000000A)
    .ARM.Collect$$$$0000000B                 0x08000190   Section        8  entry9a.o(.ARM.Collect$$$$0000000B)
    .ARM.Collect$$$$0000000D                 0x08000198   Section        0  entry10a.o(.ARM.Collect$$$$0000000D)
    .ARM.Collect$$$$0000000F                 0x08000198   Section        0  entry11a.o(.ARM.Collect$$$$0000000F)
    .ARM.Collect$$$$00002712                 0x08000198   Section        4  entry2.o(.ARM.Collect$$$$00002712)
    __lit__00000000                          0x08000198   Data           4  entry2.o(.ARM.Collect$$$$00002712)
    .text                                    0x0800019c   Section       36  startup_stm32f407xx.o(.text)
    $v0                                      0x0800019c   Number         0  startup_stm32f407xx.o(.text)
    .text                                    0x080001c0   Section        0  ldiv.o(.text)
    .text                                    0x08000222   Section        0  f2d.o(.text)
    .text                                    0x08000248   Section        0  d2f.o(.text)
    .text                                    0x08000280   Section        0  uldiv.o(.text)
    .text                                    0x080002e2   Section        0  iusefp.o(.text)
    .text                                    0x080002e2   Section        0  fepilogue.o(.text)
    .text                                    0x08000350   Section       36  init.o(.text)
    .text                                    0x08000374   Section        0  llshl.o(.text)
    .text                                    0x08000392   Section        0  llushr.o(.text)
    .text                                    0x080003b2   Section        0  dadd.o(.text)
    .text                                    0x08000500   Section        0  dmul.o(.text)
    .text                                    0x080005e4   Section        0  ddiv.o(.text)
    .text                                    0x080006c2   Section        0  dflti.o(.text)
    .text                                    0x080006e4   Section        0  dfltui.o(.text)
    .text                                    0x080006fe   Section        0  dfixi.o(.text)
    .text                                    0x0800073c   Section        0  llsshr.o(.text)
    .text                                    0x08000760   Section        0  depilogue.o(.text)
    i.ADC_Init                               0x0800081c   Section        0  stm32f4xx_hal_adc.o(i.ADC_Init)
    ADC_Init                                 0x0800081d   Thumb Code   292  stm32f4xx_hal_adc.o(i.ADC_Init)
    i.BusFault_Handler                       0x08000948   Section        0  stm32f4xx_it.o(i.BusFault_Handler)
    i.CarMainFunction                        0x0800094c   Section        0  car.o(i.CarMainFunction)
    i.DebugMon_Handler                       0x08000ab4   Section        0  stm32f4xx_it.o(i.DebugMon_Handler)
    i.ENC_Calc_Average_Speed                 0x08000ab8   Section        0  encoder.o(i.ENC_Calc_Average_Speed)
    i.ENC_Calc_Rot_Speed1                    0x08000b58   Section        0  encoder.o(i.ENC_Calc_Rot_Speed1)
    i.ENC_Calc_Rot_Speed2                    0x08000b80   Section        0  encoder.o(i.ENC_Calc_Rot_Speed2)
    i.Error_Handler                          0x08000ba8   Section        0  main.o(i.Error_Handler)
    i.Gain1                                  0x08000bac   Section        0  encoder.o(i.Gain1)
    i.Gain2                                  0x08000c30   Section        0  encoder.o(i.Gain2)
    i.HAL_ADC_ConfigChannel                  0x08000c90   Section        0  stm32f4xx_hal_adc.o(i.HAL_ADC_ConfigChannel)
    i.HAL_ADC_Init                           0x08000ddc   Section        0  stm32f4xx_hal_adc.o(i.HAL_ADC_Init)
    i.HAL_ADC_MspInit                        0x08000e30   Section        0  adc.o(i.HAL_ADC_MspInit)
    i.HAL_CAN_Init                           0x08000e74   Section        0  stm32f4xx_hal_can.o(i.HAL_CAN_Init)
    i.HAL_CAN_MspInit                        0x08000fbc   Section        0  can.o(i.HAL_CAN_MspInit)
    i.HAL_DMA_Abort_IT                       0x0800105c   Section        0  stm32f4xx_hal_dma.o(i.HAL_DMA_Abort_IT)
    i.HAL_Delay                              0x08001080   Section        0  stm32f4xx_hal.o(i.HAL_Delay)
    i.HAL_GPIO_Init                          0x0800109c   Section        0  stm32f4xx_hal_gpio.o(i.HAL_GPIO_Init)
    i.HAL_GPIO_TogglePin                     0x0800124c   Section        0  stm32f4xx_hal_gpio.o(i.HAL_GPIO_TogglePin)
    i.HAL_GPIO_WritePin                      0x08001254   Section        0  stm32f4xx_hal_gpio.o(i.HAL_GPIO_WritePin)
    i.HAL_GetTick                            0x08001260   Section        0  stm32f4xx_hal.o(i.HAL_GetTick)
    i.HAL_I2C_Init                           0x0800126c   Section        0  stm32f4xx_hal_i2c.o(i.HAL_I2C_Init)
    i.HAL_I2C_MspInit                        0x08001374   Section        0  i2c.o(i.HAL_I2C_MspInit)
    i.HAL_IncTick                            0x080013bc   Section        0  stm32f4xx_hal.o(i.HAL_IncTick)
    i.HAL_Init                               0x080013cc   Section        0  stm32f4xx_hal.o(i.HAL_Init)
    i.HAL_InitTick                           0x08001400   Section        0  stm32f4xx_hal.o(i.HAL_InitTick)
    i.HAL_MspInit                            0x08001428   Section        0  stm32f4xx_hal_msp.o(i.HAL_MspInit)
    i.HAL_MultiProcessor_Init                0x08001480   Section        0  stm32f4xx_hal_uart.o(i.HAL_MultiProcessor_Init)
    i.HAL_NVIC_EnableIRQ                     0x0800150e   Section        0  stm32f4xx_hal_cortex.o(i.HAL_NVIC_EnableIRQ)
    i.HAL_NVIC_SetPriority                   0x08001524   Section        0  stm32f4xx_hal_cortex.o(i.HAL_NVIC_SetPriority)
    i.HAL_NVIC_SetPriorityGrouping           0x08001564   Section        0  stm32f4xx_hal_cortex.o(i.HAL_NVIC_SetPriorityGrouping)
    i.HAL_RCC_ClockConfig                    0x08001588   Section        0  stm32f4xx_hal_rcc.o(i.HAL_RCC_ClockConfig)
    i.HAL_RCC_GetHCLKFreq                    0x08001704   Section        0  stm32f4xx_hal_rcc.o(i.HAL_RCC_GetHCLKFreq)
    i.HAL_RCC_GetPCLK1Freq                   0x08001710   Section        0  stm32f4xx_hal_rcc.o(i.HAL_RCC_GetPCLK1Freq)
    i.HAL_RCC_GetPCLK2Freq                   0x08001740   Section        0  stm32f4xx_hal_rcc.o(i.HAL_RCC_GetPCLK2Freq)
    i.HAL_RCC_GetSysClockFreq                0x08001770   Section        0  stm32f4xx_hal_rcc.o(i.HAL_RCC_GetSysClockFreq)
    i.HAL_RCC_OscConfig                      0x080017e0   Section        0  stm32f4xx_hal_rcc.o(i.HAL_RCC_OscConfig)
    i.HAL_SD_ConfigWideBusOperation          0x08001af4   Section        0  stm32f4xx_hal_sd.o(i.HAL_SD_ConfigWideBusOperation)
    i.HAL_SD_GetCardCSD                      0x08001b6c   Section        0  stm32f4xx_hal_sd.o(i.HAL_SD_GetCardCSD)
    i.HAL_SD_Init                            0x08001d46   Section        0  stm32f4xx_hal_sd.o(i.HAL_SD_Init)
    i.HAL_SD_InitCard                        0x08001d7c   Section        0  stm32f4xx_hal_sd.o(i.HAL_SD_InitCard)
    i.HAL_SD_MspInit                         0x08001dd0   Section        0  sdio.o(i.HAL_SD_MspInit)
    i.HAL_SPI_Init                           0x08001e34   Section        0  stm32f4xx_hal_spi.o(i.HAL_SPI_Init)
    i.HAL_SPI_MspInit                        0x08001eb4   Section        0  spi.o(i.HAL_SPI_MspInit)
    i.HAL_SYSTICK_CLKSourceConfig            0x08001f18   Section        0  stm32f4xx_hal_cortex.o(i.HAL_SYSTICK_CLKSourceConfig)
    i.HAL_SYSTICK_Callback                   0x08001f30   Section        0  stm32f4xx_hal_cortex.o(i.HAL_SYSTICK_Callback)
    i.HAL_SYSTICK_Config                     0x08001f32   Section        0  stm32f4xx_hal_cortex.o(i.HAL_SYSTICK_Config)
    i.HAL_SYSTICK_IRQHandler                 0x08001f5a   Section        0  stm32f4xx_hal_cortex.o(i.HAL_SYSTICK_IRQHandler)
    i.HAL_TIMEx_BreakCallback                0x08001f62   Section        0  stm32f4xx_hal_tim_ex.o(i.HAL_TIMEx_BreakCallback)
    i.HAL_TIMEx_CommutationCallback          0x08001f64   Section        0  stm32f4xx_hal_tim_ex.o(i.HAL_TIMEx_CommutationCallback)
    i.HAL_TIMEx_MasterConfigSynchronization  0x08001f66   Section        0  stm32f4xx_hal_tim_ex.o(i.HAL_TIMEx_MasterConfigSynchronization)
    i.HAL_TIM_Base_Init                      0x08001fb6   Section        0  stm32f4xx_hal_tim.o(i.HAL_TIM_Base_Init)
    i.HAL_TIM_Base_MspInit                   0x08001fec   Section        0  tim.o(i.HAL_TIM_Base_MspInit)
    i.HAL_TIM_Base_Start_IT                  0x08002084   Section        0  stm32f4xx_hal_tim.o(i.HAL_TIM_Base_Start_IT)
    i.HAL_TIM_IC_CaptureCallback             0x0800209c   Section        0  stm32f4xx_hal_tim.o(i.HAL_TIM_IC_CaptureCallback)
    i.HAL_TIM_IRQHandler                     0x0800209e   Section        0  stm32f4xx_hal_tim.o(i.HAL_TIM_IRQHandler)
    i.HAL_TIM_MspPostInit                    0x08002204   Section        0  tim.o(i.HAL_TIM_MspPostInit)
    i.HAL_TIM_OC_DelayElapsedCallback        0x08002244   Section        0  stm32f4xx_hal_tim.o(i.HAL_TIM_OC_DelayElapsedCallback)
    i.HAL_TIM_PWM_ConfigChannel              0x08002246   Section        0  stm32f4xx_hal_tim.o(i.HAL_TIM_PWM_ConfigChannel)
    i.HAL_TIM_PWM_Init                       0x08002316   Section        0  stm32f4xx_hal_tim.o(i.HAL_TIM_PWM_Init)
    i.HAL_TIM_PWM_MspInit                    0x0800234c   Section        0  stm32f4xx_hal_tim.o(i.HAL_TIM_PWM_MspInit)
    i.HAL_TIM_PWM_PulseFinishedCallback      0x0800234e   Section        0  stm32f4xx_hal_tim.o(i.HAL_TIM_PWM_PulseFinishedCallback)
    i.HAL_TIM_PWM_Start                      0x08002350   Section        0  stm32f4xx_hal_tim.o(i.HAL_TIM_PWM_Start)
    i.HAL_TIM_PeriodElapsedCallback          0x08002388   Section        0  car.o(i.HAL_TIM_PeriodElapsedCallback)
    i.HAL_TIM_TriggerCallback                0x0800242c   Section        0  stm32f4xx_hal_tim.o(i.HAL_TIM_TriggerCallback)
    i.HAL_UART_ErrorCallback                 0x0800242e   Section        0  stm32f4xx_hal_uart.o(i.HAL_UART_ErrorCallback)
    i.HAL_UART_IRQHandler                    0x08002430   Section        0  stm32f4xx_hal_uart.o(i.HAL_UART_IRQHandler)
    i.HAL_UART_MspInit                       0x08002540   Section        0  usart.o(i.HAL_UART_MspInit)
    i.HAL_UART_Receive_IT                    0x0800267c   Section        0  stm32f4xx_hal_uart.o(i.HAL_UART_Receive_IT)
    i.HAL_UART_RxCpltCallback                0x080026c4   Section        0  car.o(i.HAL_UART_RxCpltCallback)
    i.HAL_UART_Transmit_IT                   0x0800275c   Section        0  stm32f4xx_hal_uart.o(i.HAL_UART_Transmit_IT)
    i.HAL_UART_TxCpltCallback                0x0800279a   Section        0  stm32f4xx_hal_uart.o(i.HAL_UART_TxCpltCallback)
    i.HardFault_Handler                      0x0800279c   Section        0  stm32f4xx_it.o(i.HardFault_Handler)
    i.LeftMovingSpeedW                       0x080027a0   Section        0  contact.o(i.LeftMovingSpeedW)
    i.MX_ADC1_Init                           0x080027fc   Section        0  adc.o(i.MX_ADC1_Init)
    i.MX_CAN1_Init                           0x08002854   Section        0  can.o(i.MX_CAN1_Init)
    i.MX_CAN2_Init                           0x08002890   Section        0  can.o(i.MX_CAN2_Init)
    i.MX_GPIO_Init                           0x080028cc   Section        0  gpio.o(i.MX_GPIO_Init)
    i.MX_I2C2_Init                           0x08002ac8   Section        0  i2c.o(i.MX_I2C2_Init)
    i.MX_SDIO_SD_Init                        0x08002b08   Section        0  sdio.o(i.MX_SDIO_SD_Init)
    i.MX_SPI1_Init                           0x08002b40   Section        0  spi.o(i.MX_SPI1_Init)
    i.MX_TIM13_Init                          0x08002b84   Section        0  tim.o(i.MX_TIM13_Init)
    i.MX_TIM14_Init                          0x08002be4   Section        0  tim.o(i.MX_TIM14_Init)
    i.MX_TIM6_Init                           0x08002c44   Section        0  tim.o(i.MX_TIM6_Init)
    i.MX_TIM7_Init                           0x08002c84   Section        0  tim.o(i.MX_TIM7_Init)
    i.MX_UART4_Init                          0x08002cc4   Section        0  usart.o(i.MX_UART4_Init)
    i.MX_USART1_UART_Init                    0x08002d00   Section        0  usart.o(i.MX_USART1_UART_Init)
    i.MX_USART2_UART_Init                    0x08002d3c   Section        0  usart.o(i.MX_USART2_UART_Init)
    i.MX_USART3_UART_Init                    0x08002d78   Section        0  usart.o(i.MX_USART3_UART_Init)
    i.MX_USART6_UART_Init                    0x08002db4   Section        0  usart.o(i.MX_USART6_UART_Init)
    i.MX_USB_OTG_FS_USB_Init                 0x08002df0   Section        0  usb_otg.o(i.MX_USB_OTG_FS_USB_Init)
    i.MemManage_Handler                      0x08002df2   Section        0  stm32f4xx_it.o(i.MemManage_Handler)
    i.NMI_Handler                            0x08002df4   Section        0  stm32f4xx_it.o(i.NMI_Handler)
    i.NVIC_SetPriority                       0x08002df6   Section        0  stm32f4xx_hal_cortex.o(i.NVIC_SetPriority)
    NVIC_SetPriority                         0x08002df7   Thumb Code    32  stm32f4xx_hal_cortex.o(i.NVIC_SetPriority)
    i.PID_calculate                          0x08002e18   Section        0  pid.o(i.PID_calculate)
    i.PendSV_Handler                         0x08002ec8   Section        0  stm32f4xx_it.o(i.PendSV_Handler)
    i.RightMovingSpeedW                      0x08002ecc   Section        0  contact.o(i.RightMovingSpeedW)
    i.SDIO_ConfigData                        0x08002f00   Section        0  stm32f4xx_ll_sdmmc.o(i.SDIO_ConfigData)
    i.SDIO_GetPowerState                     0x08002f24   Section        0  stm32f4xx_ll_sdmmc.o(i.SDIO_GetPowerState)
    i.SDIO_GetResponse                       0x08002f2c   Section        0  stm32f4xx_ll_sdmmc.o(i.SDIO_GetResponse)
    i.SDIO_Init                              0x08002f38   Section        0  stm32f4xx_ll_sdmmc.o(i.SDIO_Init)
    i.SDIO_PowerState_ON                     0x08002f5c   Section        0  stm32f4xx_ll_sdmmc.o(i.SDIO_PowerState_ON)
    i.SDIO_ReadFIFO                          0x08002f64   Section        0  stm32f4xx_ll_sdmmc.o(i.SDIO_ReadFIFO)
    i.SDIO_SendCommand                       0x08002f6a   Section        0  stm32f4xx_ll_sdmmc.o(i.SDIO_SendCommand)
    i.SDMMC_CmdAppCommand                    0x08002f8a   Section        0  stm32f4xx_ll_sdmmc.o(i.SDMMC_CmdAppCommand)
    i.SDMMC_CmdAppOperCommand                0x08002fbc   Section        0  stm32f4xx_ll_sdmmc.o(i.SDMMC_CmdAppOperCommand)
    i.SDMMC_CmdBlockLength                   0x08002ff0   Section        0  stm32f4xx_ll_sdmmc.o(i.SDMMC_CmdBlockLength)
    i.SDMMC_CmdBusWidth                      0x08003022   Section        0  stm32f4xx_ll_sdmmc.o(i.SDMMC_CmdBusWidth)
    i.SDMMC_CmdGoIdleState                   0x08003054   Section        0  stm32f4xx_ll_sdmmc.o(i.SDMMC_CmdGoIdleState)
    i.SDMMC_CmdOperCond                      0x080030a4   Section        0  stm32f4xx_ll_sdmmc.o(i.SDMMC_CmdOperCond)
    i.SDMMC_CmdSelDesel                      0x0800310c   Section        0  stm32f4xx_ll_sdmmc.o(i.SDMMC_CmdSelDesel)
    i.SDMMC_CmdSendCID                       0x0800313e   Section        0  stm32f4xx_ll_sdmmc.o(i.SDMMC_CmdSendCID)
    i.SDMMC_CmdSendCSD                       0x0800316a   Section        0  stm32f4xx_ll_sdmmc.o(i.SDMMC_CmdSendCSD)
    i.SDMMC_CmdSendSCR                       0x08003196   Section        0  stm32f4xx_ll_sdmmc.o(i.SDMMC_CmdSendSCR)
    i.SDMMC_CmdSetRelAdd                     0x080031c6   Section        0  stm32f4xx_ll_sdmmc.o(i.SDMMC_CmdSetRelAdd)
    i.SDMMC_GetCmdResp1                      0x080031f8   Section        0  stm32f4xx_ll_sdmmc.o(i.SDMMC_GetCmdResp1)
    SDMMC_GetCmdResp1                        0x080031f9   Thumb Code   276  stm32f4xx_ll_sdmmc.o(i.SDMMC_GetCmdResp1)
    i.SDMMC_GetCmdResp2                      0x08003314   Section        0  stm32f4xx_ll_sdmmc.o(i.SDMMC_GetCmdResp2)
    SDMMC_GetCmdResp2                        0x08003315   Thumb Code    74  stm32f4xx_ll_sdmmc.o(i.SDMMC_GetCmdResp2)
    i.SDMMC_GetCmdResp3                      0x08003364   Section        0  stm32f4xx_ll_sdmmc.o(i.SDMMC_GetCmdResp3)
    SDMMC_GetCmdResp3                        0x08003365   Thumb Code    60  stm32f4xx_ll_sdmmc.o(i.SDMMC_GetCmdResp3)
    i.SDMMC_GetCmdResp6                      0x080033a4   Section        0  stm32f4xx_ll_sdmmc.o(i.SDMMC_GetCmdResp6)
    SDMMC_GetCmdResp6                        0x080033a5   Thumb Code   128  stm32f4xx_ll_sdmmc.o(i.SDMMC_GetCmdResp6)
    i.SD_FindSCR                             0x08003428   Section        0  stm32f4xx_hal_sd.o(i.SD_FindSCR)
    SD_FindSCR                               0x08003429   Thumb Code   212  stm32f4xx_hal_sd.o(i.SD_FindSCR)
    i.SD_InitCard                            0x080034fc   Section        0  stm32f4xx_hal_sd.o(i.SD_InitCard)
    SD_InitCard                              0x080034fd   Thumb Code   230  stm32f4xx_hal_sd.o(i.SD_InitCard)
    i.SD_PowerON                             0x080035e2   Section        0  stm32f4xx_hal_sd.o(i.SD_PowerON)
    SD_PowerON                               0x080035e3   Thumb Code   162  stm32f4xx_hal_sd.o(i.SD_PowerON)
    i.SD_WideBus_Disable                     0x08003684   Section        0  stm32f4xx_hal_sd.o(i.SD_WideBus_Disable)
    SD_WideBus_Disable                       0x08003685   Thumb Code    78  stm32f4xx_hal_sd.o(i.SD_WideBus_Disable)
    i.SD_WideBus_Enable                      0x080036d2   Section        0  stm32f4xx_hal_sd.o(i.SD_WideBus_Enable)
    SD_WideBus_Enable                        0x080036d3   Thumb Code    78  stm32f4xx_hal_sd.o(i.SD_WideBus_Enable)
    i.SVC_Handler                            0x08003720   Section        0  stm32f4xx_it.o(i.SVC_Handler)
    i.SysTick_Handler                        0x08003722   Section        0  stm32f4xx_it.o(i.SysTick_Handler)
    i.SystemClock_Config                     0x08003730   Section        0  main.o(i.SystemClock_Config)
    i.SystemInit                             0x080037d0   Section        0  system_stm32f4xx.o(i.SystemInit)
    i.TIM6_DAC_IRQHandler                    0x08003824   Section        0  stm32f4xx_it.o(i.TIM6_DAC_IRQHandler)
    i.TIM7_IRQHandler                        0x08003830   Section        0  stm32f4xx_it.o(i.TIM7_IRQHandler)
    i.TIM_Base_SetConfig                     0x0800383c   Section        0  stm32f4xx_hal_tim.o(i.TIM_Base_SetConfig)
    i.TIM_CCxChannelCmd                      0x080038fc   Section        0  stm32f4xx_hal_tim.o(i.TIM_CCxChannelCmd)
    i.TIM_OC1_SetConfig                      0x08003914   Section        0  stm32f4xx_hal_tim.o(i.TIM_OC1_SetConfig)
    TIM_OC1_SetConfig                        0x08003915   Thumb Code    80  stm32f4xx_hal_tim.o(i.TIM_OC1_SetConfig)
    i.TIM_OC2_SetConfig                      0x0800396c   Section        0  stm32f4xx_hal_tim.o(i.TIM_OC2_SetConfig)
    i.TIM_OC3_SetConfig                      0x080039d0   Section        0  stm32f4xx_hal_tim.o(i.TIM_OC3_SetConfig)
    TIM_OC3_SetConfig                        0x080039d1   Thumb Code    88  stm32f4xx_hal_tim.o(i.TIM_OC3_SetConfig)
    i.TIM_OC4_SetConfig                      0x08003a30   Section        0  stm32f4xx_hal_tim.o(i.TIM_OC4_SetConfig)
    TIM_OC4_SetConfig                        0x08003a31   Thumb Code    70  stm32f4xx_hal_tim.o(i.TIM_OC4_SetConfig)
    i.UART_DMAAbortOnError                   0x08003a80   Section        0  stm32f4xx_hal_uart.o(i.UART_DMAAbortOnError)
    UART_DMAAbortOnError                     0x08003a81   Thumb Code    16  stm32f4xx_hal_uart.o(i.UART_DMAAbortOnError)
    i.UART_EndRxTransfer                     0x08003a90   Section        0  stm32f4xx_hal_uart.o(i.UART_EndRxTransfer)
    UART_EndRxTransfer                       0x08003a91   Thumb Code    28  stm32f4xx_hal_uart.o(i.UART_EndRxTransfer)
    i.UART_Receive_IT                        0x08003aac   Section        0  stm32f4xx_hal_uart.o(i.UART_Receive_IT)
    UART_Receive_IT                          0x08003aad   Thumb Code   140  stm32f4xx_hal_uart.o(i.UART_Receive_IT)
    i.UART_SetConfig                         0x08003b38   Section        0  stm32f4xx_hal_uart.o(i.UART_SetConfig)
    UART_SetConfig                           0x08003b39   Thumb Code   676  stm32f4xx_hal_uart.o(i.UART_SetConfig)
    i.UART_Transmit_IT                       0x08003de4   Section        0  stm32f4xx_hal_uart.o(i.UART_Transmit_IT)
    UART_Transmit_IT                         0x08003de5   Thumb Code    98  stm32f4xx_hal_uart.o(i.UART_Transmit_IT)
    i.USART3_IRQHandler                      0x08003e48   Section        0  stm32f4xx_it.o(i.USART3_IRQHandler)
    i.UsageFault_Handler                     0x08003e54   Section        0  stm32f4xx_it.o(i.UsageFault_Handler)
    i.__ARM_fpclassify                       0x08003e56   Section        0  fpclassify.o(i.__ARM_fpclassify)
    i.__hardfp_cos                           0x08003e88   Section        0  cos.o(i.__hardfp_cos)
    i.__hardfp_sin                           0x08003f50   Section        0  sin.o(i.__hardfp_sin)
    i.__ieee754_rem_pio2                     0x08004018   Section        0  rred.o(i.__ieee754_rem_pio2)
    i.__kernel_cos                           0x08004450   Section        0  cos_i.o(i.__kernel_cos)
    i.__kernel_poly                          0x080045c0   Section        0  poly.o(i.__kernel_poly)
    i.__kernel_sin                           0x080046b8   Section        0  sin_i.o(i.__kernel_sin)
    i.__mathlib_dbl_infnan                   0x080047e8   Section        0  dunder.o(i.__mathlib_dbl_infnan)
    i.__mathlib_dbl_invalid                  0x08004800   Section        0  dunder.o(i.__mathlib_dbl_invalid)
    i.__mathlib_dbl_underflow                0x08004820   Section        0  dunder.o(i.__mathlib_dbl_underflow)
    i.__scatterload_copy                     0x08004840   Section       14  handlers.o(i.__scatterload_copy)
    i.__scatterload_null                     0x0800484e   Section        2  handlers.o(i.__scatterload_null)
    i.__scatterload_zeroinit                 0x08004850   Section       14  handlers.o(i.__scatterload_zeroinit)
    i.__set_errno                            0x08004860   Section        0  errno.o(i.__set_errno)
    i.car_control                            0x0800486c   Section        0  contact.o(i.car_control)
    i.fabs                                   0x0800489e   Section        0  fabs.o(i.fabs)
    i.main                                   0x080048b8   Section        0  main.o(i.main)
    i.odometry                               0x0800495c   Section        0  odometry.o(i.odometry)
    .constdata                               0x08004b3c   Section       16  system_stm32f4xx.o(.constdata)
    .constdata                               0x08004b4c   Section        8  system_stm32f4xx.o(.constdata)
    .constdata                               0x08004b58   Section       48  cos_i.o(.constdata)
    C                                        0x08004b58   Data          48  cos_i.o(.constdata)
    .constdata                               0x08004b88   Section      200  rred.o(.constdata)
    pio2s                                    0x08004b88   Data          48  rred.o(.constdata)
    twooverpi                                0x08004bb8   Data         152  rred.o(.constdata)
    .constdata                               0x08004c50   Section       40  sin_i.o(.constdata)
    S                                        0x08004c50   Data          40  sin_i.o(.constdata)
    .data                                    0x20000000   Section        4  system_stm32f4xx.o(.data)
    .data                                    0x20000004   Section        4  can.o(.data)
    HAL_RCC_CAN1_CLK_ENABLED                 0x20000004   Data           4  can.o(.data)
    .data                                    0x20000008   Section       52  car.o(.data)
    hSpeedMeas_Timebase_500us                0x2000000c   Data           2  car.o(.data)
    .data                                    0x2000003c   Section       96  odometry.o(.data)
    .data                                    0x2000009c   Section       12  pid.o(.data)
    .data                                    0x200000a8   Section      116  encoder.o(.data)
    bIs_First_Measurement2                   0x200000a8   Data           1  encoder.o(.data)
    bIs_First_Measurement1                   0x200000a9   Data           1  encoder.o(.data)
    hEncoder_Timer_Overflow1                 0x200000aa   Data           2  encoder.o(.data)
    hEncoder_Timer_Overflow2                 0x200000ac   Data           2  encoder.o(.data)
    hRot_Speed2                              0x200000c0   Data           4  encoder.o(.data)
    hRot_Speed1                              0x200000c4   Data           4  encoder.o(.data)
    .data                                    0x2000011c   Section        4  stm32f4xx_hal.o(.data)
    .data                                    0x20000120   Section        4  errno.o(.data)
    _errno                                   0x20000120   Data           4  errno.o(.data)
    .bss                                     0x20000124   Section      136  can.o(.bss)
    .bss                                     0x200001ac   Section      320  usart.o(.bss)
    .bss                                     0x200002ec   Section      240  tim.o(.bss)
    .bss                                     0x200003dc   Section       72  adc.o(.bss)
    .bss                                     0x20000424   Section      132  sdio.o(.bss)
    .bss                                     0x200004a8   Section       84  i2c.o(.bss)
    .bss                                     0x200004fc   Section       88  spi.o(.bss)
    .bss                                     0x20000554   Section      221  car.o(.bss)
    .bss                                     0x20000634   Section       24  encoder.o(.bss)
    STACK                                    0x20000650   Section     1024  startup_stm32f407xx.o(STACK)

    Global Symbols

    Symbol Name                              Value     Ov Type        Size  Object(Section)

    BuildAttributes$$THM_ISAv4$E$P$D$K$B$S$7EM$VFPi3$EXTD16$VFPS$VFMA$PE$A:L22UL41UL21$X:L11$S22US41US21$IEEE1$IW$USESV6$~STKCKD$USESV7$~SHL$OTIME$ROPI$IEEEX$EBA8$MICROLIB$REQ8$PRES8$EABIv2 0x00000000   Number         0  anon$$obj.o ABSOLUTE
    __ARM_use_no_argv                        0x00000000   Number         0  main.o ABSOLUTE
    __cpp_initialize__aeabi_                  - Undefined Weak Reference
    __cxa_finalize                            - Undefined Weak Reference
    __decompress                              - Undefined Weak Reference
    _clock_init                               - Undefined Weak Reference
    _microlib_exit                            - Undefined Weak Reference
    __Vectors_Size                           0x00000188   Number         0  startup_stm32f407xx.o ABSOLUTE
    __Vectors                                0x08000000   Data           4  startup_stm32f407xx.o(RESET)
    __Vectors_End                            0x08000188   Data           0  startup_stm32f407xx.o(RESET)
    __main                                   0x08000189   Thumb Code     0  entry.o(.ARM.Collect$$$$00000000)
    _main_stk                                0x08000189   Thumb Code     0  entry2.o(.ARM.Collect$$$$00000001)
    _main_scatterload                        0x0800018d   Thumb Code     0  entry5.o(.ARM.Collect$$$$00000004)
    __main_after_scatterload                 0x08000191   Thumb Code     0  entry5.o(.ARM.Collect$$$$00000004)
    _main_clock                              0x08000191   Thumb Code     0  entry7b.o(.ARM.Collect$$$$00000008)
    _main_cpp_init                           0x08000191   Thumb Code     0  entry8b.o(.ARM.Collect$$$$0000000A)
    _main_init                               0x08000191   Thumb Code     0  entry9a.o(.ARM.Collect$$$$0000000B)
    __rt_final_cpp                           0x08000199   Thumb Code     0  entry10a.o(.ARM.Collect$$$$0000000D)
    __rt_final_exit                          0x08000199   Thumb Code     0  entry11a.o(.ARM.Collect$$$$0000000F)
    Reset_Handler                            0x0800019d   Thumb Code     8  startup_stm32f407xx.o(.text)
    ADC_IRQHandler                           0x080001b7   Thumb Code     0  startup_stm32f407xx.o(.text)
    CAN1_RX0_IRQHandler                      0x080001b7   Thumb Code     0  startup_stm32f407xx.o(.text)
    CAN1_RX1_IRQHandler                      0x080001b7   Thumb Code     0  startup_stm32f407xx.o(.text)
    CAN1_SCE_IRQHandler                      0x080001b7   Thumb Code     0  startup_stm32f407xx.o(.text)
    CAN1_TX_IRQHandler                       0x080001b7   Thumb Code     0  startup_stm32f407xx.o(.text)
    CAN2_RX0_IRQHandler                      0x080001b7   Thumb Code     0  startup_stm32f407xx.o(.text)
    CAN2_RX1_IRQHandler                      0x080001b7   Thumb Code     0  startup_stm32f407xx.o(.text)
    CAN2_SCE_IRQHandler                      0x080001b7   Thumb Code     0  startup_stm32f407xx.o(.text)
    CAN2_TX_IRQHandler                       0x080001b7   Thumb Code     0  startup_stm32f407xx.o(.text)
    DCMI_IRQHandler                          0x080001b7   Thumb Code     0  startup_stm32f407xx.o(.text)
    DMA1_Stream0_IRQHandler                  0x080001b7   Thumb Code     0  startup_stm32f407xx.o(.text)
    DMA1_Stream1_IRQHandler                  0x080001b7   Thumb Code     0  startup_stm32f407xx.o(.text)
    DMA1_Stream2_IRQHandler                  0x080001b7   Thumb Code     0  startup_stm32f407xx.o(.text)
    DMA1_Stream3_IRQHandler                  0x080001b7   Thumb Code     0  startup_stm32f407xx.o(.text)
    DMA1_Stream4_IRQHandler                  0x080001b7   Thumb Code     0  startup_stm32f407xx.o(.text)
    DMA1_Stream5_IRQHandler                  0x080001b7   Thumb Code     0  startup_stm32f407xx.o(.text)
    DMA1_Stream6_IRQHandler                  0x080001b7   Thumb Code     0  startup_stm32f407xx.o(.text)
    DMA1_Stream7_IRQHandler                  0x080001b7   Thumb Code     0  startup_stm32f407xx.o(.text)
    DMA2_Stream0_IRQHandler                  0x080001b7   Thumb Code     0  startup_stm32f407xx.o(.text)
    DMA2_Stream1_IRQHandler                  0x080001b7   Thumb Code     0  startup_stm32f407xx.o(.text)
    DMA2_Stream2_IRQHandler                  0x080001b7   Thumb Code     0  startup_stm32f407xx.o(.text)
    DMA2_Stream3_IRQHandler                  0x080001b7   Thumb Code     0  startup_stm32f407xx.o(.text)
    DMA2_Stream4_IRQHandler                  0x080001b7   Thumb Code     0  startup_stm32f407xx.o(.text)
    DMA2_Stream5_IRQHandler                  0x080001b7   Thumb Code     0  startup_stm32f407xx.o(.text)
    DMA2_Stream6_IRQHandler                  0x080001b7   Thumb Code     0  startup_stm32f407xx.o(.text)
    DMA2_Stream7_IRQHandler                  0x080001b7   Thumb Code     0  startup_stm32f407xx.o(.text)
    ETH_IRQHandler                           0x080001b7   Thumb Code     0  startup_stm32f407xx.o(.text)
    ETH_WKUP_IRQHandler                      0x080001b7   Thumb Code     0  startup_stm32f407xx.o(.text)
    EXTI0_IRQHandler                         0x080001b7   Thumb Code     0  startup_stm32f407xx.o(.text)
    EXTI15_10_IRQHandler                     0x080001b7   Thumb Code     0  startup_stm32f407xx.o(.text)
    EXTI1_IRQHandler                         0x080001b7   Thumb Code     0  startup_stm32f407xx.o(.text)
    EXTI2_IRQHandler                         0x080001b7   Thumb Code     0  startup_stm32f407xx.o(.text)
    EXTI3_IRQHandler                         0x080001b7   Thumb Code     0  startup_stm32f407xx.o(.text)
    EXTI4_IRQHandler                         0x080001b7   Thumb Code     0  startup_stm32f407xx.o(.text)
    EXTI9_5_IRQHandler                       0x080001b7   Thumb Code     0  startup_stm32f407xx.o(.text)
    FLASH_IRQHandler                         0x080001b7   Thumb Code     0  startup_stm32f407xx.o(.text)
    FMC_IRQHandler                           0x080001b7   Thumb Code     0  startup_stm32f407xx.o(.text)
    FPU_IRQHandler                           0x080001b7   Thumb Code     0  startup_stm32f407xx.o(.text)
    HASH_RNG_IRQHandler                      0x080001b7   Thumb Code     0  startup_stm32f407xx.o(.text)
    I2C1_ER_IRQHandler                       0x080001b7   Thumb Code     0  startup_stm32f407xx.o(.text)
    I2C1_EV_IRQHandler                       0x080001b7   Thumb Code     0  startup_stm32f407xx.o(.text)
    I2C2_ER_IRQHandler                       0x080001b7   Thumb Code     0  startup_stm32f407xx.o(.text)
    I2C2_EV_IRQHandler                       0x080001b7   Thumb Code     0  startup_stm32f407xx.o(.text)
    I2C3_ER_IRQHandler                       0x080001b7   Thumb Code     0  startup_stm32f407xx.o(.text)
    I2C3_EV_IRQHandler                       0x080001b7   Thumb Code     0  startup_stm32f407xx.o(.text)
    OTG_FS_IRQHandler                        0x080001b7   Thumb Code     0  startup_stm32f407xx.o(.text)
    OTG_FS_WKUP_IRQHandler                   0x080001b7   Thumb Code     0  startup_stm32f407xx.o(.text)
    OTG_HS_EP1_IN_IRQHandler                 0x080001b7   Thumb Code     0  startup_stm32f407xx.o(.text)
    OTG_HS_EP1_OUT_IRQHandler                0x080001b7   Thumb Code     0  startup_stm32f407xx.o(.text)
    OTG_HS_IRQHandler                        0x080001b7   Thumb Code     0  startup_stm32f407xx.o(.text)
    OTG_HS_WKUP_IRQHandler                   0x080001b7   Thumb Code     0  startup_stm32f407xx.o(.text)
    PVD_IRQHandler                           0x080001b7   Thumb Code     0  startup_stm32f407xx.o(.text)
    RCC_IRQHandler                           0x080001b7   Thumb Code     0  startup_stm32f407xx.o(.text)
    RTC_Alarm_IRQHandler                     0x080001b7   Thumb Code     0  startup_stm32f407xx.o(.text)
    RTC_WKUP_IRQHandler                      0x080001b7   Thumb Code     0  startup_stm32f407xx.o(.text)
    SDIO_IRQHandler                          0x080001b7   Thumb Code     0  startup_stm32f407xx.o(.text)
    SPI1_IRQHandler                          0x080001b7   Thumb Code     0  startup_stm32f407xx.o(.text)
    SPI2_IRQHandler                          0x080001b7   Thumb Code     0  startup_stm32f407xx.o(.text)
    SPI3_IRQHandler                          0x080001b7   Thumb Code     0  startup_stm32f407xx.o(.text)
    TAMP_STAMP_IRQHandler                    0x080001b7   Thumb Code     0  startup_stm32f407xx.o(.text)
    TIM1_BRK_TIM9_IRQHandler                 0x080001b7   Thumb Code     0  startup_stm32f407xx.o(.text)
    TIM1_CC_IRQHandler                       0x080001b7   Thumb Code     0  startup_stm32f407xx.o(.text)
    TIM1_TRG_COM_TIM11_IRQHandler            0x080001b7   Thumb Code     0  startup_stm32f407xx.o(.text)
    TIM1_UP_TIM10_IRQHandler                 0x080001b7   Thumb Code     0  startup_stm32f407xx.o(.text)
    TIM2_IRQHandler                          0x080001b7   Thumb Code     0  startup_stm32f407xx.o(.text)
    TIM3_IRQHandler                          0x080001b7   Thumb Code     0  startup_stm32f407xx.o(.text)
    TIM4_IRQHandler                          0x080001b7   Thumb Code     0  startup_stm32f407xx.o(.text)
    TIM5_IRQHandler                          0x080001b7   Thumb Code     0  startup_stm32f407xx.o(.text)
    TIM8_BRK_TIM12_IRQHandler                0x080001b7   Thumb Code     0  startup_stm32f407xx.o(.text)
    TIM8_CC_IRQHandler                       0x080001b7   Thumb Code     0  startup_stm32f407xx.o(.text)
    TIM8_TRG_COM_TIM14_IRQHandler            0x080001b7   Thumb Code     0  startup_stm32f407xx.o(.text)
    TIM8_UP_TIM13_IRQHandler                 0x080001b7   Thumb Code     0  startup_stm32f407xx.o(.text)
    UART4_IRQHandler                         0x080001b7   Thumb Code     0  startup_stm32f407xx.o(.text)
    UART5_IRQHandler                         0x080001b7   Thumb Code     0  startup_stm32f407xx.o(.text)
    USART1_IRQHandler                        0x080001b7   Thumb Code     0  startup_stm32f407xx.o(.text)
    USART2_IRQHandler                        0x080001b7   Thumb Code     0  startup_stm32f407xx.o(.text)
    USART6_IRQHandler                        0x080001b7   Thumb Code     0  startup_stm32f407xx.o(.text)
    WWDG_IRQHandler                          0x080001b7   Thumb Code     0  startup_stm32f407xx.o(.text)
    __aeabi_ldivmod                          0x080001c1   Thumb Code    98  ldiv.o(.text)
    __aeabi_f2d                              0x08000223   Thumb Code    38  f2d.o(.text)
    __aeabi_d2f                              0x08000249   Thumb Code    56  d2f.o(.text)
    __aeabi_uldivmod                         0x08000281   Thumb Code    98  uldiv.o(.text)
    __I$use$fp                               0x080002e3   Thumb Code     0  iusefp.o(.text)
    _float_round                             0x080002e3   Thumb Code    18  fepilogue.o(.text)
    _float_epilogue                          0x080002f5   Thumb Code    92  fepilogue.o(.text)
    __scatterload                            0x08000351   Thumb Code    28  init.o(.text)
    __scatterload_rt2                        0x08000351   Thumb Code     0  init.o(.text)
    __aeabi_llsl                             0x08000375   Thumb Code    30  llshl.o(.text)
    _ll_shift_l                              0x08000375   Thumb Code     0  llshl.o(.text)
    __aeabi_llsr                             0x08000393   Thumb Code    32  llushr.o(.text)
    _ll_ushift_r                             0x08000393   Thumb Code     0  llushr.o(.text)
    __aeabi_dadd                             0x080003b3   Thumb Code   322  dadd.o(.text)
    __aeabi_dsub                             0x080004f5   Thumb Code     6  dadd.o(.text)
    __aeabi_drsub                            0x080004fb   Thumb Code     6  dadd.o(.text)
    __aeabi_dmul                             0x08000501   Thumb Code   228  dmul.o(.text)
    __aeabi_ddiv                             0x080005e5   Thumb Code   222  ddiv.o(.text)
    __aeabi_i2d                              0x080006c3   Thumb Code    34  dflti.o(.text)
    __aeabi_ui2d                             0x080006e5   Thumb Code    26  dfltui.o(.text)
    __aeabi_d2iz                             0x080006ff   Thumb Code    62  dfixi.o(.text)
    __aeabi_lasr                             0x0800073d   Thumb Code    36  llsshr.o(.text)
    _ll_sshift_r                             0x0800073d   Thumb Code     0  llsshr.o(.text)
    _double_round                            0x08000761   Thumb Code    30  depilogue.o(.text)
    _double_epilogue                         0x0800077f   Thumb Code   156  depilogue.o(.text)
    BusFault_Handler                         0x08000949   Thumb Code     2  stm32f4xx_it.o(i.BusFault_Handler)
    CarMainFunction                          0x0800094d   Thumb Code   326  car.o(i.CarMainFunction)
    DebugMon_Handler                         0x08000ab5   Thumb Code     2  stm32f4xx_it.o(i.DebugMon_Handler)
    ENC_Calc_Average_Speed                   0x08000ab9   Thumb Code   152  encoder.o(i.ENC_Calc_Average_Speed)
    ENC_Calc_Rot_Speed1                      0x08000b59   Thumb Code    32  encoder.o(i.ENC_Calc_Rot_Speed1)
    ENC_Calc_Rot_Speed2                      0x08000b81   Thumb Code    32  encoder.o(i.ENC_Calc_Rot_Speed2)
    Error_Handler                            0x08000ba9   Thumb Code     2  main.o(i.Error_Handler)
    Gain1                                    0x08000bad   Thumb Code   106  encoder.o(i.Gain1)
    Gain2                                    0x08000c31   Thumb Code    78  encoder.o(i.Gain2)
    HAL_ADC_ConfigChannel                    0x08000c91   Thumb Code   316  stm32f4xx_hal_adc.o(i.HAL_ADC_ConfigChannel)
    HAL_ADC_Init                             0x08000ddd   Thumb Code    84  stm32f4xx_hal_adc.o(i.HAL_ADC_Init)
    HAL_ADC_MspInit                          0x08000e31   Thumb Code    54  adc.o(i.HAL_ADC_MspInit)
    HAL_CAN_Init                             0x08000e75   Thumb Code   328  stm32f4xx_hal_can.o(i.HAL_CAN_Init)
    HAL_CAN_MspInit                          0x08000fbd   Thumb Code   140  can.o(i.HAL_CAN_MspInit)
    HAL_DMA_Abort_IT                         0x0800105d   Thumb Code    36  stm32f4xx_hal_dma.o(i.HAL_DMA_Abort_IT)
    HAL_Delay                                0x08001081   Thumb Code    28  stm32f4xx_hal.o(i.HAL_Delay)
    HAL_GPIO_Init                            0x0800109d   Thumb Code   388  stm32f4xx_hal_gpio.o(i.HAL_GPIO_Init)
    HAL_GPIO_TogglePin                       0x0800124d   Thumb Code     8  stm32f4xx_hal_gpio.o(i.HAL_GPIO_TogglePin)
    HAL_GPIO_WritePin                        0x08001255   Thumb Code    10  stm32f4xx_hal_gpio.o(i.HAL_GPIO_WritePin)
    HAL_GetTick                              0x08001261   Thumb Code     6  stm32f4xx_hal.o(i.HAL_GetTick)
    HAL_I2C_Init                             0x0800126d   Thumb Code   254  stm32f4xx_hal_i2c.o(i.HAL_I2C_Init)
    HAL_I2C_MspInit                          0x08001375   Thumb Code    60  i2c.o(i.HAL_I2C_MspInit)
    HAL_IncTick                              0x080013bd   Thumb Code    10  stm32f4xx_hal.o(i.HAL_IncTick)
    HAL_Init                                 0x080013cd   Thumb Code    48  stm32f4xx_hal.o(i.HAL_Init)
    HAL_InitTick                             0x08001401   Thumb Code    34  stm32f4xx_hal.o(i.HAL_InitTick)
    HAL_MspInit                              0x08001429   Thumb Code    88  stm32f4xx_hal_msp.o(i.HAL_MspInit)
    HAL_MultiProcessor_Init                  0x08001481   Thumb Code   142  stm32f4xx_hal_uart.o(i.HAL_MultiProcessor_Init)
    HAL_NVIC_EnableIRQ                       0x0800150f   Thumb Code    22  stm32f4xx_hal_cortex.o(i.HAL_NVIC_EnableIRQ)
    HAL_NVIC_SetPriority                     0x08001525   Thumb Code    60  stm32f4xx_hal_cortex.o(i.HAL_NVIC_SetPriority)
    HAL_NVIC_SetPriorityGrouping             0x08001565   Thumb Code    26  stm32f4xx_hal_cortex.o(i.HAL_NVIC_SetPriorityGrouping)
    HAL_RCC_ClockConfig                      0x08001589   Thumb Code   364  stm32f4xx_hal_rcc.o(i.HAL_RCC_ClockConfig)
    HAL_RCC_GetHCLKFreq                      0x08001705   Thumb Code     6  stm32f4xx_hal_rcc.o(i.HAL_RCC_GetHCLKFreq)
    HAL_RCC_GetPCLK1Freq                     0x08001711   Thumb Code    34  stm32f4xx_hal_rcc.o(i.HAL_RCC_GetPCLK1Freq)
    HAL_RCC_GetPCLK2Freq                     0x08001741   Thumb Code    34  stm32f4xx_hal_rcc.o(i.HAL_RCC_GetPCLK2Freq)
    HAL_RCC_GetSysClockFreq                  0x08001771   Thumb Code   104  stm32f4xx_hal_rcc.o(i.HAL_RCC_GetSysClockFreq)
    HAL_RCC_OscConfig                        0x080017e1   Thumb Code   770  stm32f4xx_hal_rcc.o(i.HAL_RCC_OscConfig)
    HAL_SD_ConfigWideBusOperation            0x08001af5   Thumb Code   120  stm32f4xx_hal_sd.o(i.HAL_SD_ConfigWideBusOperation)
    HAL_SD_GetCardCSD                        0x08001b6d   Thumb Code   474  stm32f4xx_hal_sd.o(i.HAL_SD_GetCardCSD)
    HAL_SD_Init                              0x08001d47   Thumb Code    54  stm32f4xx_hal_sd.o(i.HAL_SD_Init)
    HAL_SD_InitCard                          0x08001d7d   Thumb Code    80  stm32f4xx_hal_sd.o(i.HAL_SD_InitCard)
    HAL_SD_MspInit                           0x08001dd1   Thumb Code    84  sdio.o(i.HAL_SD_MspInit)
    HAL_SPI_Init                             0x08001e35   Thumb Code   128  stm32f4xx_hal_spi.o(i.HAL_SPI_Init)
    HAL_SPI_MspInit                          0x08001eb5   Thumb Code    84  spi.o(i.HAL_SPI_MspInit)
    HAL_SYSTICK_CLKSourceConfig              0x08001f19   Thumb Code    24  stm32f4xx_hal_cortex.o(i.HAL_SYSTICK_CLKSourceConfig)
    HAL_SYSTICK_Callback                     0x08001f31   Thumb Code     2  stm32f4xx_hal_cortex.o(i.HAL_SYSTICK_Callback)
    HAL_SYSTICK_Config                       0x08001f33   Thumb Code    40  stm32f4xx_hal_cortex.o(i.HAL_SYSTICK_Config)
    HAL_SYSTICK_IRQHandler                   0x08001f5b   Thumb Code     8  stm32f4xx_hal_cortex.o(i.HAL_SYSTICK_IRQHandler)
    HAL_TIMEx_BreakCallback                  0x08001f63   Thumb Code     2  stm32f4xx_hal_tim_ex.o(i.HAL_TIMEx_BreakCallback)
    HAL_TIMEx_CommutationCallback            0x08001f65   Thumb Code     2  stm32f4xx_hal_tim_ex.o(i.HAL_TIMEx_CommutationCallback)
    HAL_TIMEx_MasterConfigSynchronization    0x08001f67   Thumb Code    80  stm32f4xx_hal_tim_ex.o(i.HAL_TIMEx_MasterConfigSynchronization)
    HAL_TIM_Base_Init                        0x08001fb7   Thumb Code    54  stm32f4xx_hal_tim.o(i.HAL_TIM_Base_Init)
    HAL_TIM_Base_MspInit                     0x08001fed   Thumb Code   130  tim.o(i.HAL_TIM_Base_MspInit)
    HAL_TIM_Base_Start_IT                    0x08002085   Thumb Code    24  stm32f4xx_hal_tim.o(i.HAL_TIM_Base_Start_IT)
    HAL_TIM_IC_CaptureCallback               0x0800209d   Thumb Code     2  stm32f4xx_hal_tim.o(i.HAL_TIM_IC_CaptureCallback)
    HAL_TIM_IRQHandler                       0x0800209f   Thumb Code   358  stm32f4xx_hal_tim.o(i.HAL_TIM_IRQHandler)
    HAL_TIM_MspPostInit                      0x08002205   Thumb Code    52  tim.o(i.HAL_TIM_MspPostInit)
    HAL_TIM_OC_DelayElapsedCallback          0x08002245   Thumb Code     2  stm32f4xx_hal_tim.o(i.HAL_TIM_OC_DelayElapsedCallback)
    HAL_TIM_PWM_ConfigChannel                0x08002247   Thumb Code   208  stm32f4xx_hal_tim.o(i.HAL_TIM_PWM_ConfigChannel)
    HAL_TIM_PWM_Init                         0x08002317   Thumb Code    54  stm32f4xx_hal_tim.o(i.HAL_TIM_PWM_Init)
    HAL_TIM_PWM_MspInit                      0x0800234d   Thumb Code     2  stm32f4xx_hal_tim.o(i.HAL_TIM_PWM_MspInit)
    HAL_TIM_PWM_PulseFinishedCallback        0x0800234f   Thumb Code     2  stm32f4xx_hal_tim.o(i.HAL_TIM_PWM_PulseFinishedCallback)
    HAL_TIM_PWM_Start                        0x08002351   Thumb Code    48  stm32f4xx_hal_tim.o(i.HAL_TIM_PWM_Start)
    HAL_TIM_PeriodElapsedCallback            0x08002389   Thumb Code   138  car.o(i.HAL_TIM_PeriodElapsedCallback)
    HAL_TIM_TriggerCallback                  0x0800242d   Thumb Code     2  stm32f4xx_hal_tim.o(i.HAL_TIM_TriggerCallback)
    HAL_UART_ErrorCallback                   0x0800242f   Thumb Code     2  stm32f4xx_hal_uart.o(i.HAL_UART_ErrorCallback)
    HAL_UART_IRQHandler                      0x08002431   Thumb Code   266  stm32f4xx_hal_uart.o(i.HAL_UART_IRQHandler)
    HAL_UART_MspInit                         0x08002541   Thumb Code   274  usart.o(i.HAL_UART_MspInit)
    HAL_UART_Receive_IT                      0x0800267d   Thumb Code    72  stm32f4xx_hal_uart.o(i.HAL_UART_Receive_IT)
    HAL_UART_RxCpltCallback                  0x080026c5   Thumb Code   136  car.o(i.HAL_UART_RxCpltCallback)
    HAL_UART_Transmit_IT                     0x0800275d   Thumb Code    62  stm32f4xx_hal_uart.o(i.HAL_UART_Transmit_IT)
    HAL_UART_TxCpltCallback                  0x0800279b   Thumb Code     2  stm32f4xx_hal_uart.o(i.HAL_UART_TxCpltCallback)
    HardFault_Handler                        0x0800279d   Thumb Code     2  stm32f4xx_it.o(i.HardFault_Handler)
    LeftMovingSpeedW                         0x080027a1   Thumb Code    78  contact.o(i.LeftMovingSpeedW)
    MX_ADC1_Init                             0x080027fd   Thumb Code    76  adc.o(i.MX_ADC1_Init)
    MX_CAN1_Init                             0x08002855   Thumb Code    52  can.o(i.MX_CAN1_Init)
    MX_CAN2_Init                             0x08002891   Thumb Code    52  can.o(i.MX_CAN2_Init)
    MX_GPIO_Init                             0x080028cd   Thumb Code   476  gpio.o(i.MX_GPIO_Init)
    MX_I2C2_Init                             0x08002ac9   Thumb Code    50  i2c.o(i.MX_I2C2_Init)
    MX_SDIO_SD_Init                          0x08002b09   Thumb Code    46  sdio.o(i.MX_SDIO_SD_Init)
    MX_SPI1_Init                             0x08002b41   Thumb Code    60  spi.o(i.MX_SPI1_Init)
    MX_TIM13_Init                            0x08002b85   Thumb Code    86  tim.o(i.MX_TIM13_Init)
    MX_TIM14_Init                            0x08002be5   Thumb Code    86  tim.o(i.MX_TIM14_Init)
    MX_TIM6_Init                             0x08002c45   Thumb Code    54  tim.o(i.MX_TIM6_Init)
    MX_TIM7_Init                             0x08002c85   Thumb Code    56  tim.o(i.MX_TIM7_Init)
    MX_UART4_Init                            0x08002cc5   Thumb Code    50  usart.o(i.MX_UART4_Init)
    MX_USART1_UART_Init                      0x08002d01   Thumb Code    50  usart.o(i.MX_USART1_UART_Init)
    MX_USART2_UART_Init                      0x08002d3d   Thumb Code    50  usart.o(i.MX_USART2_UART_Init)
    MX_USART3_UART_Init                      0x08002d79   Thumb Code    50  usart.o(i.MX_USART3_UART_Init)
    MX_USART6_UART_Init                      0x08002db5   Thumb Code    50  usart.o(i.MX_USART6_UART_Init)
    MX_USB_OTG_FS_USB_Init                   0x08002df1   Thumb Code     2  usb_otg.o(i.MX_USB_OTG_FS_USB_Init)
    MemManage_Handler                        0x08002df3   Thumb Code     2  stm32f4xx_it.o(i.MemManage_Handler)
    NMI_Handler                              0x08002df5   Thumb Code     2  stm32f4xx_it.o(i.NMI_Handler)
    PID_calculate                            0x08002e19   Thumb Code   160  pid.o(i.PID_calculate)
    PendSV_Handler                           0x08002ec9   Thumb Code     2  stm32f4xx_it.o(i.PendSV_Handler)
    RightMovingSpeedW                        0x08002ecd   Thumb Code    42  contact.o(i.RightMovingSpeedW)
    SDIO_ConfigData                          0x08002f01   Thumb Code    36  stm32f4xx_ll_sdmmc.o(i.SDIO_ConfigData)
    SDIO_GetPowerState                       0x08002f25   Thumb Code     8  stm32f4xx_ll_sdmmc.o(i.SDIO_GetPowerState)
    SDIO_GetResponse                         0x08002f2d   Thumb Code    12  stm32f4xx_ll_sdmmc.o(i.SDIO_GetResponse)
    SDIO_Init                                0x08002f39   Thumb Code    36  stm32f4xx_ll_sdmmc.o(i.SDIO_Init)
    SDIO_PowerState_ON                       0x08002f5d   Thumb Code     8  stm32f4xx_ll_sdmmc.o(i.SDIO_PowerState_ON)
    SDIO_ReadFIFO                            0x08002f65   Thumb Code     6  stm32f4xx_ll_sdmmc.o(i.SDIO_ReadFIFO)
    SDIO_SendCommand                         0x08002f6b   Thumb Code    32  stm32f4xx_ll_sdmmc.o(i.SDIO_SendCommand)
    SDMMC_CmdAppCommand                      0x08002f8b   Thumb Code    50  stm32f4xx_ll_sdmmc.o(i.SDMMC_CmdAppCommand)
    SDMMC_CmdAppOperCommand                  0x08002fbd   Thumb Code    48  stm32f4xx_ll_sdmmc.o(i.SDMMC_CmdAppOperCommand)
    SDMMC_CmdBlockLength                     0x08002ff1   Thumb Code    50  stm32f4xx_ll_sdmmc.o(i.SDMMC_CmdBlockLength)
    SDMMC_CmdBusWidth                        0x08003023   Thumb Code    50  stm32f4xx_ll_sdmmc.o(i.SDMMC_CmdBusWidth)
    SDMMC_CmdGoIdleState                     0x08003055   Thumb Code    76  stm32f4xx_ll_sdmmc.o(i.SDMMC_CmdGoIdleState)
    SDMMC_CmdOperCond                        0x080030a5   Thumb Code    98  stm32f4xx_ll_sdmmc.o(i.SDMMC_CmdOperCond)
    SDMMC_CmdSelDesel                        0x0800310d   Thumb Code    50  stm32f4xx_ll_sdmmc.o(i.SDMMC_CmdSelDesel)
    SDMMC_CmdSendCID                         0x0800313f   Thumb Code    44  stm32f4xx_ll_sdmmc.o(i.SDMMC_CmdSendCID)
    SDMMC_CmdSendCSD                         0x0800316b   Thumb Code    44  stm32f4xx_ll_sdmmc.o(i.SDMMC_CmdSendCSD)
    SDMMC_CmdSendSCR                         0x08003197   Thumb Code    48  stm32f4xx_ll_sdmmc.o(i.SDMMC_CmdSendSCR)
    SDMMC_CmdSetRelAdd                       0x080031c7   Thumb Code    48  stm32f4xx_ll_sdmmc.o(i.SDMMC_CmdSetRelAdd)
    SVC_Handler                              0x08003721   Thumb Code     2  stm32f4xx_it.o(i.SVC_Handler)
    SysTick_Handler                          0x08003723   Thumb Code    14  stm32f4xx_it.o(i.SysTick_Handler)
    SystemClock_Config                       0x08003731   Thumb Code   150  main.o(i.SystemClock_Config)
    SystemInit                               0x080037d1   Thumb Code    66  system_stm32f4xx.o(i.SystemInit)
    TIM6_DAC_IRQHandler                      0x08003825   Thumb Code     6  stm32f4xx_it.o(i.TIM6_DAC_IRQHandler)
    TIM7_IRQHandler                          0x08003831   Thumb Code     6  stm32f4xx_it.o(i.TIM7_IRQHandler)
    TIM_Base_SetConfig                       0x0800383d   Thumb Code   148  stm32f4xx_hal_tim.o(i.TIM_Base_SetConfig)
    TIM_CCxChannelCmd                        0x080038fd   Thumb Code    22  stm32f4xx_hal_tim.o(i.TIM_CCxChannelCmd)
    TIM_OC2_SetConfig                        0x0800396d   Thumb Code    90  stm32f4xx_hal_tim.o(i.TIM_OC2_SetConfig)
    USART3_IRQHandler                        0x08003e49   Thumb Code     6  stm32f4xx_it.o(i.USART3_IRQHandler)
    UsageFault_Handler                       0x08003e55   Thumb Code     2  stm32f4xx_it.o(i.UsageFault_Handler)
    __ARM_fpclassify                         0x08003e57   Thumb Code    48  fpclassify.o(i.__ARM_fpclassify)
    __hardfp_cos                             0x08003e89   Thumb Code   180  cos.o(i.__hardfp_cos)
    __hardfp_sin                             0x08003f51   Thumb Code   180  sin.o(i.__hardfp_sin)
    __ieee754_rem_pio2                       0x08004019   Thumb Code   938  rred.o(i.__ieee754_rem_pio2)
    __kernel_cos                             0x08004451   Thumb Code   322  cos_i.o(i.__kernel_cos)
    __kernel_poly                            0x080045c1   Thumb Code   248  poly.o(i.__kernel_poly)
    __kernel_sin                             0x080046b9   Thumb Code   280  sin_i.o(i.__kernel_sin)
    __mathlib_dbl_infnan                     0x080047e9   Thumb Code    20  dunder.o(i.__mathlib_dbl_infnan)
    __mathlib_dbl_invalid                    0x08004801   Thumb Code    24  dunder.o(i.__mathlib_dbl_invalid)
    __mathlib_dbl_underflow                  0x08004821   Thumb Code    24  dunder.o(i.__mathlib_dbl_underflow)
    __scatterload_copy                       0x08004841   Thumb Code    14  handlers.o(i.__scatterload_copy)
    __scatterload_null                       0x0800484f   Thumb Code     2  handlers.o(i.__scatterload_null)
    __scatterload_zeroinit                   0x08004851   Thumb Code    14  handlers.o(i.__scatterload_zeroinit)
    __set_errno                              0x08004861   Thumb Code     6  errno.o(i.__set_errno)
    car_control                              0x0800486d   Thumb Code    50  contact.o(i.car_control)
    fabs                                     0x0800489f   Thumb Code    24  fabs.o(i.fabs)
    main                                     0x080048b9   Thumb Code   140  main.o(i.main)
    odometry                                 0x0800495d   Thumb Code   464  odometry.o(i.odometry)
    AHBPrescTable                            0x08004b3c   Data          16  system_stm32f4xx.o(.constdata)
    APBPrescTable                            0x08004b4c   Data           8  system_stm32f4xx.o(.constdata)
    Region$$Table$$Base                      0x08004c78   Number         0  anon$$obj.o(Region$$Table)
    Region$$Table$$Limit                     0x08004c98   Number         0  anon$$obj.o(Region$$Table)
    SystemCoreClock                          0x20000000   Data           4  system_stm32f4xx.o(.data)
    main_sta                                 0x20000008   Data           1  car.o(.data)
    bSpeed_Buffer_Index                      0x20000009   Data           1  car.o(.data)
    serial_rec                               0x2000000a   Data           1  car.o(.data)
    USART_RX_STA                             0x2000000e   Data           2  car.o(.data)
    odometry_right                           0x20000010   Data           4  car.o(.data)
    odometry_left                            0x20000014   Data           4  car.o(.data)
    Milemeter_L_Motor                        0x20000018   Data           4  car.o(.data)
    Milemeter_R_Motor                        0x2000001c   Data           4  car.o(.data)
    leftdata                                 0x20000020   Data           4  car.o(.data)
    rightdata                                0x20000024   Data           4  car.o(.data)
    x_data                                   0x20000028   Data           4  car.o(.data)
    y_data                                   0x2000002c   Data           4  car.o(.data)
    theta_data                               0x20000030   Data           4  car.o(.data)
    vel_linear                               0x20000034   Data           4  car.o(.data)
    vel_angular                              0x20000038   Data           4  car.o(.data)
    once                                     0x2000003c   Data           1  odometry.o(.data)
    position_x                               0x20000040   Data           4  odometry.o(.data)
    position_y                               0x20000044   Data           4  odometry.o(.data)
    oriention                                0x20000048   Data           4  odometry.o(.data)
    velocity_linear                          0x2000004c   Data           4  odometry.o(.data)
    velocity_angular                         0x20000050   Data           4  odometry.o(.data)
    wheel_interval                           0x20000054   Data           4  odometry.o(.data)
    multiplier                               0x20000058   Data           4  odometry.o(.data)
    deceleration_ratio                       0x2000005c   Data           4  odometry.o(.data)
    wheel_diameter                           0x20000060   Data           4  odometry.o(.data)
    pi                                       0x20000064   Data           4  odometry.o(.data)
    pi_2_1                                   0x20000068   Data           4  odometry.o(.data)
    dt                                       0x2000006c   Data           4  odometry.o(.data)
    line_number                              0x20000070   Data           4  odometry.o(.data)
    oriention_interval                       0x20000074   Data           4  odometry.o(.data)
    sin_                                     0x20000078   Data           4  odometry.o(.data)
    cos_                                     0x2000007c   Data           4  odometry.o(.data)
    delta_distance                           0x20000080   Data           4  odometry.o(.data)
    delta_oriention                          0x20000084   Data           4  odometry.o(.data)
    const_frame                              0x20000088   Data           4  odometry.o(.data)
    const_angle                              0x2000008c   Data           4  odometry.o(.data)
    distance_sum                             0x20000090   Data           4  odometry.o(.data)
    distance_diff                            0x20000094   Data           4  odometry.o(.data)
    oriention_1                              0x20000098   Data           4  odometry.o(.data)
    MaxValue                                 0x2000009c   Data           4  pid.o(.data)
    MinValue                                 0x200000a0   Data           4  pid.o(.data)
    OutputValue                              0x200000a4   Data           4  pid.o(.data)
    Speed2                                   0x200000b0   Data           4  encoder.o(.data)
    Speed1                                   0x200000b4   Data           4  encoder.o(.data)
    pulse                                    0x200000b8   Data           4  encoder.o(.data)
    pulse1                                   0x200000bc   Data           4  encoder.o(.data)
    span                                     0x200000c8   Data           4  encoder.o(.data)
    hPrevious_angle2                         0x200000cc   Data           4  encoder.o(.data)
    hPrevious_angle1                         0x200000d0   Data           4  encoder.o(.data)
    Control_left                             0x200000d4   Data          36  encoder.o(.data)
    Control_right                            0x200000f8   Data          36  encoder.o(.data)
    uwTick                                   0x2000011c   Data           4  stm32f4xx_hal.o(.data)
    hcan1                                    0x20000124   Data          68  can.o(.bss)
    hcan2                                    0x20000168   Data          68  can.o(.bss)
    huart4                                   0x200001ac   Data          64  usart.o(.bss)
    huart1                                   0x200001ec   Data          64  usart.o(.bss)
    huart2                                   0x2000022c   Data          64  usart.o(.bss)
    huart3                                   0x2000026c   Data          64  usart.o(.bss)
    huart6                                   0x200002ac   Data          64  usart.o(.bss)
    htim6                                    0x200002ec   Data          60  tim.o(.bss)
    htim7                                    0x20000328   Data          60  tim.o(.bss)
    htim13                                   0x20000364   Data          60  tim.o(.bss)
    htim14                                   0x200003a0   Data          60  tim.o(.bss)
    hadc1                                    0x200003dc   Data          72  adc.o(.bss)
    hsd                                      0x20000424   Data         132  sdio.o(.bss)
    hi2c2                                    0x200004a8   Data          84  i2c.o(.bss)
    hspi1                                    0x200004fc   Data          88  spi.o(.bss)
    odometry_data                            0x20000554   Data          21  car.o(.bss)
    USART_RX_BUF                             0x20000569   Data         200  car.o(.bss)
    hSpeed_Buffer2                           0x20000634   Data          12  encoder.o(.bss)
    hSpeed_Buffer1                           0x20000640   Data          12  encoder.o(.bss)
    __initial_sp                             0x20000a50   Data           0  startup_stm32f407xx.o(STACK)



==============================================================================

Memory Map of the image

  Image Entry point : 0x08000189

  Load Region LR_IROM1 (Base: 0x08000000, Size: 0x00004dbc, Max: 0x00080000, ABSOLUTE)

    Execution Region ER_IROM1 (Base: 0x08000000, Size: 0x00004c98, Max: 0x00080000, ABSOLUTE)

    Base Addr    Size         Type   Attr      Idx    E Section Name        Object

    0x08000000   0x00000188   Data   RO          994    RESET               startup_stm32f407xx.o
    0x08000188   0x00000000   Code   RO         4866  * .ARM.Collect$$$$00000000  mc_w.l(entry.o)
    0x08000188   0x00000004   Code   RO         4903    .ARM.Collect$$$$00000001  mc_w.l(entry2.o)
    0x0800018c   0x00000004   Code   RO         4906    .ARM.Collect$$$$00000004  mc_w.l(entry5.o)
    0x08000190   0x00000000   Code   RO         4908    .ARM.Collect$$$$00000008  mc_w.l(entry7b.o)
    0x08000190   0x00000000   Code   RO         4910    .ARM.Collect$$$$0000000A  mc_w.l(entry8b.o)
    0x08000190   0x00000008   Code   RO         4911    .ARM.Collect$$$$0000000B  mc_w.l(entry9a.o)
    0x08000198   0x00000000   Code   RO         4913    .ARM.Collect$$$$0000000D  mc_w.l(entry10a.o)
    0x08000198   0x00000000   Code   RO         4915    .ARM.Collect$$$$0000000F  mc_w.l(entry11a.o)
    0x08000198   0x00000004   Code   RO         4904    .ARM.Collect$$$$00002712  mc_w.l(entry2.o)
    0x0800019c   0x00000024   Code   RO          995    .text               startup_stm32f407xx.o
    0x080001c0   0x00000062   Code   RO         4869    .text               mc_w.l(ldiv.o)
    0x08000222   0x00000026   Code   RO         4871    .text               mf_w.l(f2d.o)
    0x08000248   0x00000038   Code   RO         4873    .text               mf_w.l(d2f.o)
    0x08000280   0x00000062   Code   RO         4917    .text               mc_w.l(uldiv.o)
    0x080002e2   0x00000000   Code   RO         4926    .text               mc_w.l(iusefp.o)
    0x080002e2   0x0000006e   Code   RO         4927    .text               mf_w.l(fepilogue.o)
    0x08000350   0x00000024   Code   RO         4941    .text               mc_w.l(init.o)
    0x08000374   0x0000001e   Code   RO         4943    .text               mc_w.l(llshl.o)
    0x08000392   0x00000020   Code   RO         4945    .text               mc_w.l(llushr.o)
    0x080003b2   0x0000014e   Code   RO         4947    .text               mf_w.l(dadd.o)
    0x08000500   0x000000e4   Code   RO         4949    .text               mf_w.l(dmul.o)
    0x080005e4   0x000000de   Code   RO         4951    .text               mf_w.l(ddiv.o)
    0x080006c2   0x00000022   Code   RO         4953    .text               mf_w.l(dflti.o)
    0x080006e4   0x0000001a   Code   RO         4955    .text               mf_w.l(dfltui.o)
    0x080006fe   0x0000003e   Code   RO         4957    .text               mf_w.l(dfixi.o)
    0x0800073c   0x00000024   Code   RO         4959    .text               mc_w.l(llsshr.o)
    0x08000760   0x000000ba   Code   RO         4961    .text               mf_w.l(depilogue.o)
    0x0800081a   0x00000002   PAD
    0x0800081c   0x0000012c   Code   RO         4005    i.ADC_Init          stm32f4xx_hal_adc.o
    0x08000948   0x00000002   Code   RO          388    i.BusFault_Handler  stm32f4xx_it.o
    0x0800094a   0x00000002   PAD
    0x0800094c   0x00000168   Code   RO          751    i.CarMainFunction   car.o
    0x08000ab4   0x00000002   Code   RO          389    i.DebugMon_Handler  stm32f4xx_it.o
    0x08000ab6   0x00000002   PAD
    0x08000ab8   0x000000a0   Code   RO          921    i.ENC_Calc_Average_Speed  encoder.o
    0x08000b58   0x00000028   Code   RO          922    i.ENC_Calc_Rot_Speed1  encoder.o
    0x08000b80   0x00000028   Code   RO          923    i.ENC_Calc_Rot_Speed2  encoder.o
    0x08000ba8   0x00000002   Code   RO          572    i.Error_Handler     main.o
    0x08000baa   0x00000002   PAD
    0x08000bac   0x00000084   Code   RO          928    i.Gain1             encoder.o
    0x08000c30   0x00000060   Code   RO          929    i.Gain2             encoder.o
    0x08000c90   0x0000014c   Code   RO         4007    i.HAL_ADC_ConfigChannel  stm32f4xx_hal_adc.o
    0x08000ddc   0x00000054   Code   RO         4016    i.HAL_ADC_Init      stm32f4xx_hal_adc.o
    0x08000e30   0x00000044   Code   RO          347    i.HAL_ADC_MspInit   adc.o
    0x08000e74   0x00000148   Code   RO         3731    i.HAL_CAN_Init      stm32f4xx_hal_can.o
    0x08000fbc   0x000000a0   Code   RO          159    i.HAL_CAN_MspInit   can.o
    0x0800105c   0x00000024   Code   RO         2515    i.HAL_DMA_Abort_IT  stm32f4xx_hal_dma.o
    0x08001080   0x0000001c   Code   RO         3856    i.HAL_Delay         stm32f4xx_hal.o
    0x0800109c   0x000001b0   Code   RO         3661    i.HAL_GPIO_Init     stm32f4xx_hal_gpio.o
    0x0800124c   0x00000008   Code   RO         3664    i.HAL_GPIO_TogglePin  stm32f4xx_hal_gpio.o
    0x08001254   0x0000000a   Code   RO         3665    i.HAL_GPIO_WritePin  stm32f4xx_hal_gpio.o
    0x0800125e   0x00000002   PAD
    0x08001260   0x0000000c   Code   RO         3862    i.HAL_GetTick       stm32f4xx_hal.o
    0x0800126c   0x00000108   Code   RO         2628    i.HAL_I2C_Init      stm32f4xx_hal_i2c.o
    0x08001374   0x00000048   Code   RO          668    i.HAL_I2C_MspInit   i2c.o
    0x080013bc   0x00000010   Code   RO         3864    i.HAL_IncTick       stm32f4xx_hal.o
    0x080013cc   0x00000034   Code   RO         3865    i.HAL_Init          stm32f4xx_hal.o
    0x08001400   0x00000028   Code   RO         3866    i.HAL_InitTick      stm32f4xx_hal.o
    0x08001428   0x00000058   Code   RO          482    i.HAL_MspInit       stm32f4xx_hal_msp.o
    0x08001480   0x0000008e   Code   RO         3339    i.HAL_MultiProcessor_Init  stm32f4xx_hal_uart.o
    0x0800150e   0x00000016   Code   RO         4297    i.HAL_NVIC_EnableIRQ  stm32f4xx_hal_cortex.o
    0x08001524   0x00000040   Code   RO         4303    i.HAL_NVIC_SetPriority  stm32f4xx_hal_cortex.o
    0x08001564   0x00000024   Code   RO         4304    i.HAL_NVIC_SetPriorityGrouping  stm32f4xx_hal_cortex.o
    0x08001588   0x0000017c   Code   RO         4428    i.HAL_RCC_ClockConfig  stm32f4xx_hal_rcc.o
    0x08001704   0x0000000c   Code   RO         4433    i.HAL_RCC_GetHCLKFreq  stm32f4xx_hal_rcc.o
    0x08001710   0x00000030   Code   RO         4435    i.HAL_RCC_GetPCLK1Freq  stm32f4xx_hal_rcc.o
    0x08001740   0x00000030   Code   RO         4436    i.HAL_RCC_GetPCLK2Freq  stm32f4xx_hal_rcc.o
    0x08001770   0x00000070   Code   RO         4437    i.HAL_RCC_GetSysClockFreq  stm32f4xx_hal_rcc.o
    0x080017e0   0x00000314   Code   RO         4440    i.HAL_RCC_OscConfig  stm32f4xx_hal_rcc.o
    0x08001af4   0x00000078   Code   RO         1447    i.HAL_SD_ConfigWideBusOperation  stm32f4xx_hal_sd.o
    0x08001b6c   0x000001da   Code   RO         1452    i.HAL_SD_GetCardCSD  stm32f4xx_hal_sd.o
    0x08001d46   0x00000036   Code   RO         1459    i.HAL_SD_Init       stm32f4xx_hal_sd.o
    0x08001d7c   0x00000054   Code   RO         1460    i.HAL_SD_InitCard   stm32f4xx_hal_sd.o
    0x08001dd0   0x00000064   Code   RO          531    i.HAL_SD_MspInit    sdio.o
    0x08001e34   0x00000080   Code   RO         3026    i.HAL_SPI_Init      stm32f4xx_hal_spi.o
    0x08001eb4   0x00000064   Code   RO          710    i.HAL_SPI_MspInit   spi.o
    0x08001f18   0x00000018   Code   RO         4306    i.HAL_SYSTICK_CLKSourceConfig  stm32f4xx_hal_cortex.o
    0x08001f30   0x00000002   Code   RO         4307    i.HAL_SYSTICK_Callback  stm32f4xx_hal_cortex.o
    0x08001f32   0x00000028   Code   RO         4308    i.HAL_SYSTICK_Config  stm32f4xx_hal_cortex.o
    0x08001f5a   0x00000008   Code   RO         4309    i.HAL_SYSTICK_IRQHandler  stm32f4xx_hal_cortex.o
    0x08001f62   0x00000002   Code   RO         4547    i.HAL_TIMEx_BreakCallback  stm32f4xx_hal_tim_ex.o
    0x08001f64   0x00000002   Code   RO         4548    i.HAL_TIMEx_CommutationCallback  stm32f4xx_hal_tim_ex.o
    0x08001f66   0x00000050   Code   RO         4564    i.HAL_TIMEx_MasterConfigSynchronization  stm32f4xx_hal_tim_ex.o
    0x08001fb6   0x00000036   Code   RO         1681    i.HAL_TIM_Base_Init  stm32f4xx_hal_tim.o
    0x08001fec   0x00000098   Code   RO          281    i.HAL_TIM_Base_MspInit  tim.o
    0x08002084   0x00000018   Code   RO         1686    i.HAL_TIM_Base_Start_IT  stm32f4xx_hal_tim.o
    0x0800209c   0x00000002   Code   RO         1710    i.HAL_TIM_IC_CaptureCallback  stm32f4xx_hal_tim.o
    0x0800209e   0x00000166   Code   RO         1723    i.HAL_TIM_IRQHandler  stm32f4xx_hal_tim.o
    0x08002204   0x00000040   Code   RO          282    i.HAL_TIM_MspPostInit  tim.o
    0x08002244   0x00000002   Code   RO         1726    i.HAL_TIM_OC_DelayElapsedCallback  stm32f4xx_hal_tim.o
    0x08002246   0x000000d0   Code   RO         1747    i.HAL_TIM_PWM_ConfigChannel  stm32f4xx_hal_tim.o
    0x08002316   0x00000036   Code   RO         1750    i.HAL_TIM_PWM_Init  stm32f4xx_hal_tim.o
    0x0800234c   0x00000002   Code   RO         1752    i.HAL_TIM_PWM_MspInit  stm32f4xx_hal_tim.o
    0x0800234e   0x00000002   Code   RO         1753    i.HAL_TIM_PWM_PulseFinishedCallback  stm32f4xx_hal_tim.o
    0x08002350   0x00000038   Code   RO         1754    i.HAL_TIM_PWM_Start  stm32f4xx_hal_tim.o
    0x08002388   0x000000a4   Code   RO          753    i.HAL_TIM_PeriodElapsedCallback  car.o
    0x0800242c   0x00000002   Code   RO         1764    i.HAL_TIM_TriggerCallback  stm32f4xx_hal_tim.o
    0x0800242e   0x00000002   Code   RO         3353    i.HAL_UART_ErrorCallback  stm32f4xx_hal_uart.o
    0x08002430   0x00000110   Code   RO         3356    i.HAL_UART_IRQHandler  stm32f4xx_hal_uart.o
    0x08002540   0x0000013c   Code   RO          215    i.HAL_UART_MspInit  usart.o
    0x0800267c   0x00000048   Code   RO         3362    i.HAL_UART_Receive_IT  stm32f4xx_hal_uart.o
    0x080026c4   0x00000098   Code   RO          754    i.HAL_UART_RxCpltCallback  car.o
    0x0800275c   0x0000003e   Code   RO         3367    i.HAL_UART_Transmit_IT  stm32f4xx_hal_uart.o
    0x0800279a   0x00000002   Code   RO         3368    i.HAL_UART_TxCpltCallback  stm32f4xx_hal_uart.o
    0x0800279c   0x00000002   Code   RO          390    i.HardFault_Handler  stm32f4xx_it.o
    0x0800279e   0x00000002   PAD
    0x080027a0   0x0000005c   Code   RO          835    i.LeftMovingSpeedW  contact.o
    0x080027fc   0x00000058   Code   RO          348    i.MX_ADC1_Init      adc.o
    0x08002854   0x0000003c   Code   RO          160    i.MX_CAN1_Init      can.o
    0x08002890   0x0000003c   Code   RO          161    i.MX_CAN2_Init      can.o
    0x080028cc   0x000001fc   Code   RO          506    i.MX_GPIO_Init      gpio.o
    0x08002ac8   0x00000040   Code   RO          669    i.MX_I2C2_Init      i2c.o
    0x08002b08   0x00000038   Code   RO          532    i.MX_SDIO_SD_Init   sdio.o
    0x08002b40   0x00000044   Code   RO          711    i.MX_SPI1_Init      spi.o
    0x08002b84   0x00000060   Code   RO          283    i.MX_TIM13_Init     tim.o
    0x08002be4   0x00000060   Code   RO          284    i.MX_TIM14_Init     tim.o
    0x08002c44   0x00000040   Code   RO          285    i.MX_TIM6_Init      tim.o
    0x08002c84   0x00000040   Code   RO          286    i.MX_TIM7_Init      tim.o
    0x08002cc4   0x0000003c   Code   RO          216    i.MX_UART4_Init     usart.o
    0x08002d00   0x0000003c   Code   RO          217    i.MX_USART1_UART_Init  usart.o
    0x08002d3c   0x0000003c   Code   RO          218    i.MX_USART2_UART_Init  usart.o
    0x08002d78   0x0000003c   Code   RO          219    i.MX_USART3_UART_Init  usart.o
    0x08002db4   0x0000003c   Code   RO          220    i.MX_USART6_UART_Init  usart.o
    0x08002df0   0x00000002   Code   RO          643    i.MX_USB_OTG_FS_USB_Init  usb_otg.o
    0x08002df2   0x00000002   Code   RO          391    i.MemManage_Handler  stm32f4xx_it.o
    0x08002df4   0x00000002   Code   RO          392    i.NMI_Handler       stm32f4xx_it.o
    0x08002df6   0x00000020   Code   RO         4310    i.NVIC_SetPriority  stm32f4xx_hal_cortex.o
    0x08002e16   0x00000002   PAD
    0x08002e18   0x000000b0   Code   RO          902    i.PID_calculate     pid.o
    0x08002ec8   0x00000002   Code   RO          393    i.PendSV_Handler    stm32f4xx_it.o
    0x08002eca   0x00000002   PAD
    0x08002ecc   0x00000034   Code   RO          836    i.RightMovingSpeedW  contact.o
    0x08002f00   0x00000024   Code   RO         1180    i.SDIO_ConfigData   stm32f4xx_ll_sdmmc.o
    0x08002f24   0x00000008   Code   RO         1184    i.SDIO_GetPowerState  stm32f4xx_ll_sdmmc.o
    0x08002f2c   0x0000000c   Code   RO         1185    i.SDIO_GetResponse  stm32f4xx_ll_sdmmc.o
    0x08002f38   0x00000024   Code   RO         1186    i.SDIO_Init         stm32f4xx_ll_sdmmc.o
    0x08002f5c   0x00000008   Code   RO         1188    i.SDIO_PowerState_ON  stm32f4xx_ll_sdmmc.o
    0x08002f64   0x00000006   Code   RO         1189    i.SDIO_ReadFIFO     stm32f4xx_ll_sdmmc.o
    0x08002f6a   0x00000020   Code   RO         1190    i.SDIO_SendCommand  stm32f4xx_ll_sdmmc.o
    0x08002f8a   0x00000032   Code   RO         1193    i.SDMMC_CmdAppCommand  stm32f4xx_ll_sdmmc.o
    0x08002fbc   0x00000034   Code   RO         1194    i.SDMMC_CmdAppOperCommand  stm32f4xx_ll_sdmmc.o
    0x08002ff0   0x00000032   Code   RO         1195    i.SDMMC_CmdBlockLength  stm32f4xx_ll_sdmmc.o
    0x08003022   0x00000032   Code   RO         1196    i.SDMMC_CmdBusWidth  stm32f4xx_ll_sdmmc.o
    0x08003054   0x00000050   Code   RO         1200    i.SDMMC_CmdGoIdleState  stm32f4xx_ll_sdmmc.o
    0x080030a4   0x00000068   Code   RO         1202    i.SDMMC_CmdOperCond  stm32f4xx_ll_sdmmc.o
    0x0800310c   0x00000032   Code   RO         1207    i.SDMMC_CmdSelDesel  stm32f4xx_ll_sdmmc.o
    0x0800313e   0x0000002c   Code   RO         1208    i.SDMMC_CmdSendCID  stm32f4xx_ll_sdmmc.o
    0x0800316a   0x0000002c   Code   RO         1209    i.SDMMC_CmdSendCSD  stm32f4xx_ll_sdmmc.o
    0x08003196   0x00000030   Code   RO         1210    i.SDMMC_CmdSendSCR  stm32f4xx_ll_sdmmc.o
    0x080031c6   0x00000030   Code   RO         1212    i.SDMMC_CmdSetRelAdd  stm32f4xx_ll_sdmmc.o
    0x080031f6   0x00000002   PAD
    0x080031f8   0x0000011c   Code   RO         1218    i.SDMMC_GetCmdResp1  stm32f4xx_ll_sdmmc.o
    0x08003314   0x00000050   Code   RO         1219    i.SDMMC_GetCmdResp2  stm32f4xx_ll_sdmmc.o
    0x08003364   0x00000040   Code   RO         1220    i.SDMMC_GetCmdResp3  stm32f4xx_ll_sdmmc.o
    0x080033a4   0x00000084   Code   RO         1221    i.SDMMC_GetCmdResp6  stm32f4xx_ll_sdmmc.o
    0x08003428   0x000000d4   Code   RO         1476    i.SD_FindSCR        stm32f4xx_hal_sd.o
    0x080034fc   0x000000e6   Code   RO         1477    i.SD_InitCard       stm32f4xx_hal_sd.o
    0x080035e2   0x000000a2   Code   RO         1478    i.SD_PowerON        stm32f4xx_hal_sd.o
    0x08003684   0x0000004e   Code   RO         1480    i.SD_WideBus_Disable  stm32f4xx_hal_sd.o
    0x080036d2   0x0000004e   Code   RO         1481    i.SD_WideBus_Enable  stm32f4xx_hal_sd.o
    0x08003720   0x00000002   Code   RO          394    i.SVC_Handler       stm32f4xx_it.o
    0x08003722   0x0000000e   Code   RO          395    i.SysTick_Handler   stm32f4xx_it.o
    0x08003730   0x000000a0   Code   RO          573    i.SystemClock_Config  main.o
    0x080037d0   0x00000054   Code   RO            5    i.SystemInit        system_stm32f4xx.o
    0x08003824   0x0000000c   Code   RO          396    i.TIM6_DAC_IRQHandler  stm32f4xx_it.o
    0x08003830   0x0000000c   Code   RO          397    i.TIM7_IRQHandler   stm32f4xx_it.o
    0x0800383c   0x000000c0   Code   RO         1765    i.TIM_Base_SetConfig  stm32f4xx_hal_tim.o
    0x080038fc   0x00000016   Code   RO         1766    i.TIM_CCxChannelCmd  stm32f4xx_hal_tim.o
    0x08003912   0x00000002   PAD
    0x08003914   0x00000058   Code   RO         1774    i.TIM_OC1_SetConfig  stm32f4xx_hal_tim.o
    0x0800396c   0x00000064   Code   RO         1775    i.TIM_OC2_SetConfig  stm32f4xx_hal_tim.o
    0x080039d0   0x00000060   Code   RO         1776    i.TIM_OC3_SetConfig  stm32f4xx_hal_tim.o
    0x08003a30   0x00000050   Code   RO         1777    i.TIM_OC4_SetConfig  stm32f4xx_hal_tim.o
    0x08003a80   0x00000010   Code   RO         3370    i.UART_DMAAbortOnError  stm32f4xx_hal_uart.o
    0x08003a90   0x0000001c   Code   RO         3380    i.UART_EndRxTransfer  stm32f4xx_hal_uart.o
    0x08003aac   0x0000008c   Code   RO         3382    i.UART_Receive_IT   stm32f4xx_hal_uart.o
    0x08003b38   0x000002ac   Code   RO         3383    i.UART_SetConfig    stm32f4xx_hal_uart.o
    0x08003de4   0x00000062   Code   RO         3384    i.UART_Transmit_IT  stm32f4xx_hal_uart.o
    0x08003e46   0x00000002   PAD
    0x08003e48   0x0000000c   Code   RO          398    i.USART3_IRQHandler  stm32f4xx_it.o
    0x08003e54   0x00000002   Code   RO          399    i.UsageFault_Handler  stm32f4xx_it.o
    0x08003e56   0x00000030   Code   RO         4937    i.__ARM_fpclassify  m_wm.l(fpclassify.o)
    0x08003e86   0x00000002   PAD
    0x08003e88   0x000000c8   Code   RO         4842    i.__hardfp_cos      m_wm.l(cos.o)
    0x08003f50   0x000000c8   Code   RO         4854    i.__hardfp_sin      m_wm.l(sin.o)
    0x08004018   0x00000438   Code   RO         4892    i.__ieee754_rem_pio2  m_wm.l(rred.o)
    0x08004450   0x00000170   Code   RO         4875    i.__kernel_cos      m_wm.l(cos_i.o)
    0x080045c0   0x000000f8   Code   RO         4939    i.__kernel_poly     m_wm.l(poly.o)
    0x080046b8   0x00000130   Code   RO         4897    i.__kernel_sin      m_wm.l(sin_i.o)
    0x080047e8   0x00000014   Code   RO         4879    i.__mathlib_dbl_infnan  m_wm.l(dunder.o)
    0x080047fc   0x00000004   PAD
    0x08004800   0x00000020   Code   RO         4881    i.__mathlib_dbl_invalid  m_wm.l(dunder.o)
    0x08004820   0x00000020   Code   RO         4884    i.__mathlib_dbl_underflow  m_wm.l(dunder.o)
    0x08004840   0x0000000e   Code   RO         4965    i.__scatterload_copy  mc_w.l(handlers.o)
    0x0800484e   0x00000002   Code   RO         4966    i.__scatterload_null  mc_w.l(handlers.o)
    0x08004850   0x0000000e   Code   RO         4967    i.__scatterload_zeroinit  mc_w.l(handlers.o)
    0x0800485e   0x00000002   PAD
    0x08004860   0x0000000c   Code   RO         4921    i.__set_errno       mc_w.l(errno.o)
    0x0800486c   0x00000032   Code   RO          837    i.car_control       contact.o
    0x0800489e   0x00000018   Code   RO         4933    i.fabs              m_wm.l(fabs.o)
    0x080048b6   0x00000002   PAD
    0x080048b8   0x000000a4   Code   RO          574    i.main              main.o
    0x0800495c   0x000001e0   Code   RO          875    i.odometry          odometry.o
    0x08004b3c   0x00000010   Data   RO            6    .constdata          system_stm32f4xx.o
    0x08004b4c   0x00000008   Data   RO            7    .constdata          system_stm32f4xx.o
    0x08004b54   0x00000004   PAD
    0x08004b58   0x00000030   Data   RO         4876    .constdata          m_wm.l(cos_i.o)
    0x08004b88   0x000000c8   Data   RO         4894    .constdata          m_wm.l(rred.o)
    0x08004c50   0x00000028   Data   RO         4898    .constdata          m_wm.l(sin_i.o)
    0x08004c78   0x00000020   Data   RO         4963    Region$$Table       anon$$obj.o


    Execution Region RW_IRAM1 (Base: 0x20000000, Size: 0x00000a50, Max: 0x00020000, ABSOLUTE)

    Base Addr    Size         Type   Attr      Idx    E Section Name        Object

    0x20000000   0x00000004   Data   RW            8    .data               system_stm32f4xx.o
    0x20000004   0x00000004   Data   RW          163    .data               can.o
    0x20000008   0x00000034   Data   RW          757    .data               car.o
    0x2000003c   0x00000060   Data   RW          876    .data               odometry.o
    0x2000009c   0x0000000c   Data   RW          903    .data               pid.o
    0x200000a8   0x00000074   Data   RW          931    .data               encoder.o
    0x2000011c   0x00000004   Data   RW         3871    .data               stm32f4xx_hal.o
    0x20000120   0x00000004   Data   RW         4922    .data               mc_w.l(errno.o)
    0x20000124   0x00000088   Zero   RW          162    .bss                can.o
    0x200001ac   0x00000140   Zero   RW          221    .bss                usart.o
    0x200002ec   0x000000f0   Zero   RW          287    .bss                tim.o
    0x200003dc   0x00000048   Zero   RW          349    .bss                adc.o
    0x20000424   0x00000084   Zero   RW          533    .bss                sdio.o
    0x200004a8   0x00000054   Zero   RW          670    .bss                i2c.o
    0x200004fc   0x00000058   Zero   RW          712    .bss                spi.o
    0x20000554   0x000000dd   Zero   RW          756    .bss                car.o
    0x20000631   0x00000003   PAD
    0x20000634   0x00000018   Zero   RW          930    .bss                encoder.o
    0x2000064c   0x00000004   PAD
    0x20000650   0x00000400   Zero   RW          992    STACK               startup_stm32f407xx.o


==============================================================================

Image component sizes


      Code (inc. data)   RO Data    RW Data    ZI Data      Debug   Object Name

       156         26          0          0         72       1777   adc.o
       280         36          0          4        136       2574   can.o
       676         76          0         52        221       4936   car.o
       194         24          0          0          0       1885   contact.o
       468         68          0        116         24       4747   encoder.o
       508         32          0          0          0       1339   gpio.o
       136         26          0          0         84       1777   i2c.o
       326         34          0          0          0       2580   main.o
       480         16          0         96          0       2029   odometry.o
       176         16          0         12          0       1451   pid.o
       156         26          0          0        132       1797   sdio.o
       168         24          0          0         88       1809   spi.o
        36          8        392          0       1024        856   startup_stm32f407xx.o
       148         22          0          4          0       4739   stm32f4xx_hal.o
       716         24          0          0          0       2879   stm32f4xx_hal_adc.o
       328          0          0          0          0       1515   stm32f4xx_hal_can.o
       228         14          0          0          0      32213   stm32f4xx_hal_cortex.o
        36          0          0          0          0       1295   stm32f4xx_hal_dma.o
       450         44          0          0          0       2969   stm32f4xx_hal_gpio.o
       264         10          0          0          0       2943   stm32f4xx_hal_i2c.o
        88          0          0          0          0        574   stm32f4xx_hal_msp.o
      1388         76          0          0          0       5832   stm32f4xx_hal_rcc.o
      1492          4          0          0          0       8412   stm32f4xx_hal_sd.o
       128          0          0          0          0       1283   stm32f4xx_hal_spi.o
      1342         88          0          0          0      13172   stm32f4xx_hal_tim.o
        84          0          0          0          0       2562   stm32f4xx_hal_tim_ex.o
      1518         14          0          0          0       8612   stm32f4xx_hal_uart.o
        66         18          0          0          0       6114   stm32f4xx_it.o
      1318         36          0          0          0      17608   stm32f4xx_ll_sdmmc.o
        84         18         24          4          0     734839   system_stm32f4xx.o
       536         72          0          0        240       4463   tim.o
       616         92          0          0        320       4616   usart.o
         2          0          0          0          0        505   usb_otg.o

    ----------------------------------------------------------------------
     14612        944        452        288       2348     886702   Object Totals
         0          0         32          0          0          0   (incl. Generated)
        20          0          4          0          7          0   (incl. Padding)

    ----------------------------------------------------------------------

      Code (inc. data)   RO Data    RW Data    ZI Data      Debug   Library Member Name

       200         20          0          0          0        164   cos.o
       368         46         48          0          0        200   cos_i.o
        84         16          0          0          0        372   dunder.o
        24          0          0          0          0        124   fabs.o
        48          0          0          0          0        124   fpclassify.o
       248          0          0          0          0        152   poly.o
      1080        142        200          0          0        188   rred.o
       200         20          0          0          0        164   sin.o
       304         24         40          0          0        208   sin_i.o
         0          0          0          0          0          0   entry.o
         0          0          0          0          0          0   entry10a.o
         0          0          0          0          0          0   entry11a.o
         8          4          0          0          0          0   entry2.o
         4          0          0          0          0          0   entry5.o
         0          0          0          0          0          0   entry7b.o
         0          0          0          0          0          0   entry8b.o
         8          4          0          0          0          0   entry9a.o
        12          6          0          4          0         68   errno.o
        30          0          0          0          0          0   handlers.o
        36          8          0          0          0         68   init.o
         0          0          0          0          0          0   iusefp.o
        98          0          0          0          0         84   ldiv.o
        30          0          0          0          0         68   llshl.o
        36          0          0          0          0         68   llsshr.o
        32          0          0          0          0         68   llushr.o
        98          0          0          0          0         92   uldiv.o
        56          0          0          0          0         88   d2f.o
       334          0          0          0          0        148   dadd.o
       222          0          0          0          0        100   ddiv.o
       186          0          0          0          0        176   depilogue.o
        62          0          0          0          0         80   dfixi.o
        34          0          0          0          0         76   dflti.o
        26          0          0          0          0         76   dfltui.o
       228          0          0          0          0         96   dmul.o
        38          0          0          0          0         68   f2d.o
       110          0          0          0          0        168   fepilogue.o

    ----------------------------------------------------------------------
      4256        290        288          4          0       3288   Library Totals
        12          0          0          0          0          0   (incl. Padding)

    ----------------------------------------------------------------------

      Code (inc. data)   RO Data    RW Data    ZI Data      Debug   Library Name

      2556        268        288          0          0       1696   m_wm.l
       392         22          0          4          0        516   mc_w.l
      1296          0          0          0          0       1076   mf_w.l

    ----------------------------------------------------------------------
      4256        290        288          4          0       3288   Library Totals

    ----------------------------------------------------------------------

==============================================================================


      Code (inc. data)   RO Data    RW Data    ZI Data      Debug   

     18868       1234        740        292       2348     874766   Grand Totals
     18868       1234        740        292       2348     874766   ELF Image Totals
     18868       1234        740        292          0          0   ROM Totals

==============================================================================

    Total RO  Size (Code + RO Data)                19608 (  19.15kB)
    Total RW  Size (RW Data + ZI Data)              2640 (   2.58kB)
    Total ROM Size (Code + RO Data + RW Data)      19900 (  19.43kB)

==============================================================================

